###############################################################################
#                                                                             #
# IAR ELF Linker V6.60.2.5449/W32 for ARM               09/Apr/2017  20:40:07 #
# Copyright 2007-2013 IAR Systems AB.                                         #
#                                                                             #
#    Output file  =  C:\Users\saurabh\Desktop\Phase1_code&&report\phase2\naru #
#                    to shippuden\EvalBoards\TI\LM3S9B92-EVALBOT\IAR\uCOS-III #
#                    -CE4053_PG\Flash\Exe\uCOS-III-Ex4.out                    #
#    Map file     =  C:\Users\saurabh\Desktop\Phase1_code&&report\phase2\naru #
#                    to shippuden\EvalBoards\TI\LM3S9B92-EVALBOT\IAR\uCOS-III #
#                    -CE4053_PG\Flash\List\uCOS-III-Ex4.map                   #
#    Command line =  "C:\Users\saurabh\Desktop\Phase1_code&&report\phase2\nar #
#                    uto shippuden\EvalBoards\TI\LM3S9B92-EVALBOT\IAR\uCOS-II #
#                    I-CE4053_PG\Flash\Obj\adc.o"                             #
#                    "C:\Users\saurabh\Desktop\Phase1_code&&report\phase2\nar #
#                    uto shippuden\EvalBoards\TI\LM3S9B92-EVALBOT\IAR\uCOS-II #
#                    I-CE4053_PG\Flash\Obj\app.o"                             #
#                    "C:\Users\saurabh\Desktop\Phase1_code&&report\phase2\nar #
#                    uto shippuden\EvalBoards\TI\LM3S9B92-EVALBOT\IAR\uCOS-II #
#                    I-CE4053_PG\Flash\Obj\app_vect.o"                        #
#                    "C:\Users\saurabh\Desktop\Phase1_code&&report\phase2\nar #
#                    uto shippuden\EvalBoards\TI\LM3S9B92-EVALBOT\IAR\uCOS-II #
#                    I-CE4053_PG\Flash\Obj\avl.o"                             #
#                    "C:\Users\saurabh\Desktop\Phase1_code&&report\phase2\nar #
#                    uto shippuden\EvalBoards\TI\LM3S9B92-EVALBOT\IAR\uCOS-II #
#                    I-CE4053_PG\Flash\Obj\bsp.o"                             #
#                    "C:\Users\saurabh\Desktop\Phase1_code&&report\phase2\nar #
#                    uto shippuden\EvalBoards\TI\LM3S9B92-EVALBOT\IAR\uCOS-II #
#                    I-CE4053_PG\Flash\Obj\bsp_dac.o"                         #
#                    "C:\Users\saurabh\Desktop\Phase1_code&&report\phase2\nar #
#                    uto shippuden\EvalBoards\TI\LM3S9B92-EVALBOT\IAR\uCOS-II #
#                    I-CE4053_PG\Flash\Obj\bsp_display.o"                     #
#                    "C:\Users\saurabh\Desktop\Phase1_code&&report\phase2\nar #
#                    uto shippuden\EvalBoards\TI\LM3S9B92-EVALBOT\IAR\uCOS-II #
#                    I-CE4053_PG\Flash\Obj\bsp_int.o"                         #
#                    "C:\Users\saurabh\Desktop\Phase1_code&&report\phase2\nar #
#                    uto shippuden\EvalBoards\TI\LM3S9B92-EVALBOT\IAR\uCOS-II #
#                    I-CE4053_PG\Flash\Obj\bsp_io.o"                          #
#                    "C:\Users\saurabh\Desktop\Phase1_code&&report\phase2\nar #
#                    uto shippuden\EvalBoards\TI\LM3S9B92-EVALBOT\IAR\uCOS-II #
#                    I-CE4053_PG\Flash\Obj\bsp_motor.o"                       #
#                    "C:\Users\saurabh\Desktop\Phase1_code&&report\phase2\nar #
#                    uto shippuden\EvalBoards\TI\LM3S9B92-EVALBOT\IAR\uCOS-II #
#                    I-CE4053_PG\Flash\Obj\bsp_sensors.o"                     #
#                    "C:\Users\saurabh\Desktop\Phase1_code&&report\phase2\nar #
#                    uto shippuden\EvalBoards\TI\LM3S9B92-EVALBOT\IAR\uCOS-II #
#                    I-CE4053_PG\Flash\Obj\can.o"                             #
#                    "C:\Users\saurabh\Desktop\Phase1_code&&report\phase2\nar #
#                    uto shippuden\EvalBoards\TI\LM3S9B92-EVALBOT\IAR\uCOS-II #
#                    I-CE4053_PG\Flash\Obj\comp.o"                            #
#                    "C:\Users\saurabh\Desktop\Phase1_code&&report\phase2\nar #
#                    uto shippuden\EvalBoards\TI\LM3S9B92-EVALBOT\IAR\uCOS-II #
#                    I-CE4053_PG\Flash\Obj\cpu_.o"                            #
#                    "C:\Users\saurabh\Desktop\Phase1_code&&report\phase2\nar #
#                    uto shippuden\EvalBoards\TI\LM3S9B92-EVALBOT\IAR\uCOS-II #
#                    I-CE4053_PG\Flash\Obj\cpu_a.o"                           #
#                    "C:\Users\saurabh\Desktop\Phase1_code&&report\phase2\nar #
#                    uto shippuden\EvalBoards\TI\LM3S9B92-EVALBOT\IAR\uCOS-II #
#                    I-CE4053_PG\Flash\Obj\cpu_bsp.o"                         #
#                    "C:\Users\saurabh\Desktop\Phase1_code&&report\phase2\nar #
#                    uto shippuden\EvalBoards\TI\LM3S9B92-EVALBOT\IAR\uCOS-II #
#                    I-CE4053_PG\Flash\Obj\cpu_c.o"                           #
#                    "C:\Users\saurabh\Desktop\Phase1_code&&report\phase2\nar #
#                    uto shippuden\EvalBoards\TI\LM3S9B92-EVALBOT\IAR\uCOS-II #
#                    I-CE4053_PG\Flash\Obj\cpu_core.o"                        #
#                    "C:\Users\saurabh\Desktop\Phase1_code&&report\phase2\nar #
#                    uto shippuden\EvalBoards\TI\LM3S9B92-EVALBOT\IAR\uCOS-II #
#                    I-CE4053_PG\Flash\Obj\epi.o"                             #
#                    "C:\Users\saurabh\Desktop\Phase1_code&&report\phase2\nar #
#                    uto shippuden\EvalBoards\TI\LM3S9B92-EVALBOT\IAR\uCOS-II #
#                    I-CE4053_PG\Flash\Obj\ethernet.o"                        #
#                    "C:\Users\saurabh\Desktop\Phase1_code&&report\phase2\nar #
#                    uto shippuden\EvalBoards\TI\LM3S9B92-EVALBOT\IAR\uCOS-II #
#                    I-CE4053_PG\Flash\Obj\fatfs.o"                           #
#                    "C:\Users\saurabh\Desktop\Phase1_code&&report\phase2\nar #
#                    uto shippuden\EvalBoards\TI\LM3S9B92-EVALBOT\IAR\uCOS-II #
#                    I-CE4053_PG\Flash\Obj\flash.o"                           #
#                    "C:\Users\saurabh\Desktop\Phase1_code&&report\phase2\nar #
#                    uto shippuden\EvalBoards\TI\LM3S9B92-EVALBOT\IAR\uCOS-II #
#                    I-CE4053_PG\Flash\Obj\gpio.o"                            #
#                    "C:\Users\saurabh\Desktop\Phase1_code&&report\phase2\nar #
#                    uto shippuden\EvalBoards\TI\LM3S9B92-EVALBOT\IAR\uCOS-II #
#                    I-CE4053_PG\Flash\Obj\hibernate.o"                       #
#                    "C:\Users\saurabh\Desktop\Phase1_code&&report\phase2\nar #
#                    uto shippuden\EvalBoards\TI\LM3S9B92-EVALBOT\IAR\uCOS-II #
#                    I-CE4053_PG\Flash\Obj\i2c.o"                             #
#                    "C:\Users\saurabh\Desktop\Phase1_code&&report\phase2\nar #
#                    uto shippuden\EvalBoards\TI\LM3S9B92-EVALBOT\IAR\uCOS-II #
#                    I-CE4053_PG\Flash\Obj\i2s.o"                             #
#                    "C:\Users\saurabh\Desktop\Phase1_code&&report\phase2\nar #
#                    uto shippuden\EvalBoards\TI\LM3S9B92-EVALBOT\IAR\uCOS-II #
#                    I-CE4053_PG\Flash\Obj\interrupt.o"                       #
#                    "C:\Users\saurabh\Desktop\Phase1_code&&report\phase2\nar #
#                    uto shippuden\EvalBoards\TI\LM3S9B92-EVALBOT\IAR\uCOS-II #
#                    I-CE4053_PG\Flash\Obj\lib_ascii.o"                       #
#                    "C:\Users\saurabh\Desktop\Phase1_code&&report\phase2\nar #
#                    uto shippuden\EvalBoards\TI\LM3S9B92-EVALBOT\IAR\uCOS-II #
#                    I-CE4053_PG\Flash\Obj\lib_math.o"                        #
#                    "C:\Users\saurabh\Desktop\Phase1_code&&report\phase2\nar #
#                    uto shippuden\EvalBoards\TI\LM3S9B92-EVALBOT\IAR\uCOS-II #
#                    I-CE4053_PG\Flash\Obj\lib_mem.o"                         #
#                    "C:\Users\saurabh\Desktop\Phase1_code&&report\phase2\nar #
#                    uto shippuden\EvalBoards\TI\LM3S9B92-EVALBOT\IAR\uCOS-II #
#                    I-CE4053_PG\Flash\Obj\lib_str.o"                         #
#                    "C:\Users\saurabh\Desktop\Phase1_code&&report\phase2\nar #
#                    uto shippuden\EvalBoards\TI\LM3S9B92-EVALBOT\IAR\uCOS-II #
#                    I-CE4053_PG\Flash\Obj\microsd.o"                         #
#                    "C:\Users\saurabh\Desktop\Phase1_code&&report\phase2\nar #
#                    uto shippuden\EvalBoards\TI\LM3S9B92-EVALBOT\IAR\uCOS-II #
#                    I-CE4053_PG\Flash\Obj\mpu.o"                             #
#                    "C:\Users\saurabh\Desktop\Phase1_code&&report\phase2\nar #
#                    uto shippuden\EvalBoards\TI\LM3S9B92-EVALBOT\IAR\uCOS-II #
#                    I-CE4053_PG\Flash\Obj\os_app_hooks.o"                    #
#                    "C:\Users\saurabh\Desktop\Phase1_code&&report\phase2\nar #
#                    uto shippuden\EvalBoards\TI\LM3S9B92-EVALBOT\IAR\uCOS-II #
#                    I-CE4053_PG\Flash\Obj\os_cfg_app.o"                      #
#                    "C:\Users\saurabh\Desktop\Phase1_code&&report\phase2\nar #
#                    uto shippuden\EvalBoards\TI\LM3S9B92-EVALBOT\IAR\uCOS-II #
#                    I-CE4053_PG\Flash\Obj\os_core.o"                         #
#                    "C:\Users\saurabh\Desktop\Phase1_code&&report\phase2\nar #
#                    uto shippuden\EvalBoards\TI\LM3S9B92-EVALBOT\IAR\uCOS-II #
#                    I-CE4053_PG\Flash\Obj\os_cpu_a.o"                        #
#                    "C:\Users\saurabh\Desktop\Phase1_code&&report\phase2\nar #
#                    uto shippuden\EvalBoards\TI\LM3S9B92-EVALBOT\IAR\uCOS-II #
#                    I-CE4053_PG\Flash\Obj\os_cpu_c.o"                        #
#                    "C:\Users\saurabh\Desktop\Phase1_code&&report\phase2\nar #
#                    uto shippuden\EvalBoards\TI\LM3S9B92-EVALBOT\IAR\uCOS-II #
#                    I-CE4053_PG\Flash\Obj\os_dbg.o"                          #
#                    "C:\Users\saurabh\Desktop\Phase1_code&&report\phase2\nar #
#                    uto shippuden\EvalBoards\TI\LM3S9B92-EVALBOT\IAR\uCOS-II #
#                    I-CE4053_PG\Flash\Obj\os_flag.o"                         #
#                    "C:\Users\saurabh\Desktop\Phase1_code&&report\phase2\nar #
#                    uto shippuden\EvalBoards\TI\LM3S9B92-EVALBOT\IAR\uCOS-II #
#                    I-CE4053_PG\Flash\Obj\os_int.o"                          #
#                    "C:\Users\saurabh\Desktop\Phase1_code&&report\phase2\nar #
#                    uto shippuden\EvalBoards\TI\LM3S9B92-EVALBOT\IAR\uCOS-II #
#                    I-CE4053_PG\Flash\Obj\os_mem.o"                          #
#                    "C:\Users\saurabh\Desktop\Phase1_code&&report\phase2\nar #
#                    uto shippuden\EvalBoards\TI\LM3S9B92-EVALBOT\IAR\uCOS-II #
#                    I-CE4053_PG\Flash\Obj\os_msg.o"                          #
#                    "C:\Users\saurabh\Desktop\Phase1_code&&report\phase2\nar #
#                    uto shippuden\EvalBoards\TI\LM3S9B92-EVALBOT\IAR\uCOS-II #
#                    I-CE4053_PG\Flash\Obj\os_mutex.o"                        #
#                    "C:\Users\saurabh\Desktop\Phase1_code&&report\phase2\nar #
#                    uto shippuden\EvalBoards\TI\LM3S9B92-EVALBOT\IAR\uCOS-II #
#                    I-CE4053_PG\Flash\Obj\os_pend_multi.o"                   #
#                    "C:\Users\saurabh\Desktop\Phase1_code&&report\phase2\nar #
#                    uto shippuden\EvalBoards\TI\LM3S9B92-EVALBOT\IAR\uCOS-II #
#                    I-CE4053_PG\Flash\Obj\os_prio.o"                         #
#                    "C:\Users\saurabh\Desktop\Phase1_code&&report\phase2\nar #
#                    uto shippuden\EvalBoards\TI\LM3S9B92-EVALBOT\IAR\uCOS-II #
#                    I-CE4053_PG\Flash\Obj\os_q.o"                            #
#                    "C:\Users\saurabh\Desktop\Phase1_code&&report\phase2\nar #
#                    uto shippuden\EvalBoards\TI\LM3S9B92-EVALBOT\IAR\uCOS-II #
#                    I-CE4053_PG\Flash\Obj\os_sem.o"                          #
#                    "C:\Users\saurabh\Desktop\Phase1_code&&report\phase2\nar #
#                    uto shippuden\EvalBoards\TI\LM3S9B92-EVALBOT\IAR\uCOS-II #
#                    I-CE4053_PG\Flash\Obj\os_stat.o"                         #
#                    "C:\Users\saurabh\Desktop\Phase1_code&&report\phase2\nar #
#                    uto shippuden\EvalBoards\TI\LM3S9B92-EVALBOT\IAR\uCOS-II #
#                    I-CE4053_PG\Flash\Obj\os_task.o"                         #
#                    "C:\Users\saurabh\Desktop\Phase1_code&&report\phase2\nar #
#                    uto shippuden\EvalBoards\TI\LM3S9B92-EVALBOT\IAR\uCOS-II #
#                    I-CE4053_PG\Flash\Obj\os_tick.o"                         #
#                    "C:\Users\saurabh\Desktop\Phase1_code&&report\phase2\nar #
#                    uto shippuden\EvalBoards\TI\LM3S9B92-EVALBOT\IAR\uCOS-II #
#                    I-CE4053_PG\Flash\Obj\os_time.o"                         #
#                    "C:\Users\saurabh\Desktop\Phase1_code&&report\phase2\nar #
#                    uto shippuden\EvalBoards\TI\LM3S9B92-EVALBOT\IAR\uCOS-II #
#                    I-CE4053_PG\Flash\Obj\os_tmr.o"                          #
#                    "C:\Users\saurabh\Desktop\Phase1_code&&report\phase2\nar #
#                    uto shippuden\EvalBoards\TI\LM3S9B92-EVALBOT\IAR\uCOS-II #
#                    I-CE4053_PG\Flash\Obj\os_var.o"                          #
#                    "C:\Users\saurabh\Desktop\Phase1_code&&report\phase2\nar #
#                    uto shippuden\EvalBoards\TI\LM3S9B92-EVALBOT\IAR\uCOS-II #
#                    I-CE4053_PG\Flash\Obj\pwm.o"                             #
#                    "C:\Users\saurabh\Desktop\Phase1_code&&report\phase2\nar #
#                    uto shippuden\EvalBoards\TI\LM3S9B92-EVALBOT\IAR\uCOS-II #
#                    I-CE4053_PG\Flash\Obj\qei.o"                             #
#                    "C:\Users\saurabh\Desktop\Phase1_code&&report\phase2\nar #
#                    uto shippuden\EvalBoards\TI\LM3S9B92-EVALBOT\IAR\uCOS-II #
#                    I-CE4053_PG\Flash\Obj\splay.o"                           #
#                    "C:\Users\saurabh\Desktop\Phase1_code&&report\phase2\nar #
#                    uto shippuden\EvalBoards\TI\LM3S9B92-EVALBOT\IAR\uCOS-II #
#                    I-CE4053_PG\Flash\Obj\ssi.o"                             #
#                    "C:\Users\saurabh\Desktop\Phase1_code&&report\phase2\nar #
#                    uto shippuden\EvalBoards\TI\LM3S9B92-EVALBOT\IAR\uCOS-II #
#                    I-CE4053_PG\Flash\Obj\sysctl.o"                          #
#                    "C:\Users\saurabh\Desktop\Phase1_code&&report\phase2\nar #
#                    uto shippuden\EvalBoards\TI\LM3S9B92-EVALBOT\IAR\uCOS-II #
#                    I-CE4053_PG\Flash\Obj\systick.o"                         #
#                    "C:\Users\saurabh\Desktop\Phase1_code&&report\phase2\nar #
#                    uto shippuden\EvalBoards\TI\LM3S9B92-EVALBOT\IAR\uCOS-II #
#                    I-CE4053_PG\Flash\Obj\timer.o"                           #
#                    "C:\Users\saurabh\Desktop\Phase1_code&&report\phase2\nar #
#                    uto shippuden\EvalBoards\TI\LM3S9B92-EVALBOT\IAR\uCOS-II #
#                    I-CE4053_PG\Flash\Obj\tree.o"                            #
#                    "C:\Users\saurabh\Desktop\Phase1_code&&report\phase2\nar #
#                    uto shippuden\EvalBoards\TI\LM3S9B92-EVALBOT\IAR\uCOS-II #
#                    I-CE4053_PG\Flash\Obj\tree234.o"                         #
#                    "C:\Users\saurabh\Desktop\Phase1_code&&report\phase2\nar #
#                    uto shippuden\EvalBoards\TI\LM3S9B92-EVALBOT\IAR\uCOS-II #
#                    I-CE4053_PG\Flash\Obj\uart.o"                            #
#                    "C:\Users\saurabh\Desktop\Phase1_code&&report\phase2\nar #
#                    uto shippuden\EvalBoards\TI\LM3S9B92-EVALBOT\IAR\uCOS-II #
#                    I-CE4053_PG\Flash\Obj\udma.o"                            #
#                    "C:\Users\saurabh\Desktop\Phase1_code&&report\phase2\nar #
#                    uto shippuden\EvalBoards\TI\LM3S9B92-EVALBOT\IAR\uCOS-II #
#                    I-CE4053_PG\Flash\Obj\usb.o"                             #
#                    "C:\Users\saurabh\Desktop\Phase1_code&&report\phase2\nar #
#                    uto shippuden\EvalBoards\TI\LM3S9B92-EVALBOT\IAR\uCOS-II #
#                    I-CE4053_PG\Flash\Obj\watchdog.o" --redirect             #
#                    _Printf=_PrintfFull --redirect _Scanf=_ScanfFull -o      #
#                    "C:\Users\saurabh\Desktop\Phase1_code&&report\phase2\nar #
#                    uto shippuden\EvalBoards\TI\LM3S9B92-EVALBOT\IAR\uCOS-II #
#                    I-CE4053_PG\Flash\Exe\uCOS-III-Ex4.out" --map            #
#                    "C:\Users\saurabh\Desktop\Phase1_code&&report\phase2\nar #
#                    uto shippuden\EvalBoards\TI\LM3S9B92-EVALBOT\IAR\uCOS-II #
#                    I-CE4053_PG\Flash\List\uCOS-III-Ex4.map" --config        #
#                    "C:\Users\saurabh\Desktop\Phase1_code&&report\phase2\nar #
#                    uto shippuden\EvalBoards\TI\LM3S9B92-EVALBOT\IAR\uCOS-II #
#                    I-CE4053_PG\..\BSP\LM3S9B92_Flash.icf" --semihosting     #
#                    --entry __iar_program_start --vfe                        #
#                                                                             #
#                                                                             #
###############################################################################

*******************************************************************************
*** RUNTIME MODEL ATTRIBUTES
***

CppFlavor                     = *
__Heap_Handler                = Basic
__SystemLibrary               = DLib
__dlib_dynamic_initialization = normal


*******************************************************************************
*** PLACEMENT SUMMARY
***

"A1":  place at start of [0x00000000-0x0003ffff] { ro section .intvec };
"P1":  place in [from 0x00000000 to 0x0003ffff] { ro };
"P7":  place in [from 0x20000000 to 0x20017fff] { rw, block HEAP, block CSTACK };

  Section             Kind        Address    Size  Object
  -------             ----        -------    ----  ------
"A1":                                       0x11c
  .intvec             const    0x00000000   0x11c  app_vect.o [1]
                             - 0x0000011c   0x11c

"P1":                                      0x830c
  .text               ro code  0x0000011c  0x116e  xprintffull.o [3]
  .text               ro code  0x0000128a    0x20  xmbtowc.o [3]
  .text               ro code  0x000012aa    0x22  zero_init3.o [5]
  .text               ro code  0x000012cc    0x16  strchr.o [5]
  .rodata             const    0x000012e2     0x2  os_cfg_app.o [1]
  .text               ro code  0x000012e4    0x36  strlen.o [5]
  .rodata             const    0x0000131a     0x2  os_cfg_app.o [1]
  .text               ro code  0x0000131c    0x58  memchr.o [5]
  .text               ro code  0x00001374     0xa  xmbcurmax.o [3]
  .rodata             const    0x0000137e     0x2  os_cfg_app.o [1]
  .text               ro code  0x00001380    0xb0  xxmemxmalloc.o [3]
  .text               ro code  0x00001430    0x1a  xwctomb.o [3]
  .rodata             const    0x0000144a     0x2  os_dbg.o [1]
  .text               ro code  0x0000144c    0x76  ABImemcpy_unaligned.o [5]
  .rodata             const    0x000014c2     0x2  os_dbg.o [1]
  .text               ro code  0x000014c4    0x80  xxmemxfree.o [3]
  .text               ro code  0x00001544    0xee  I64DivMod.o [5]
  .rodata             const    0x00001632     0x2  os_dbg.o [1]
  .text               ro code  0x00001634   0x1a2  DblMul.o [4]
  .text               ro code  0x000017d6    0x42  xdnorm.o [4]
  .text               ro code  0x00001818    0x2e  DblCmpLe.o [4]
  .rodata             const    0x00001846     0x2  os_dbg.o [1]
  .text               ro code  0x00001848    0x2e  DblCmpGe.o [4]
  .rodata             const    0x00001876     0x2  os_dbg.o [1]
  .text               ro code  0x00001878   0x10c  xdscale.o [4]
  .text               ro code  0x00001984    0x58  DblToI32.o [4]
  .text               ro code  0x000019dc    0x30  I32ToDbl.o [4]
  .text               ro code  0x00001a0c   0x180  DblSub.o [4]
  .text               ro code  0x00001b8c   0x246  DblDiv.o [4]
  .rodata             const    0x00001dd2     0x2  os_dbg.o [1]
  .text               ro code  0x00001dd4    0x6c  localeconv.o [3]
  .text               ro code  0x00001e40     0xe  div.o [3]
  .rodata             const    0x00001e4e     0x2  os_dbg.o [1]
  .text               ro code  0x00001e50    0x14  setlocale.o [3]
  .text               ro code  0x00001e64    0x60  xencoding_sb.o [3]
  .text               ro code  0x00001ec4    0x2c  xgetmemchunk.o [3]
  .text               ro code  0x00001ef0     0x2  I64DivZer.o [5]
  .rodata             const    0x00001ef2     0x2  os_dbg.o [1]
  .text               ro code  0x00001ef4    0xd4  DblAdd.o [4]
  .text               ro code  0x00001fc8     0x2  xtls.o [3]
  .rodata             const    0x00001fca     0x2  os_dbg.o [1]
  .text               ro code  0x00001fcc   0xcc0  tree234.o [1]
  .text               ro code  0x00002c8c   0x168  os_mem.o [1]
  .text               ro code  0x00002df4    0x4c  xassert.o [3]
  CODE                ro code  0x00002e40    0x2a  cpu_a.o [1]
  .rodata             const    0x00002e6a     0x2  os_dbg.o [1]
  .text               ro code  0x00002e6c   0x1a0  cpu_core.o [1]
  .text               ro code  0x0000300c    0x1c  ABIassert.o [6]
  .text               ro code  0x00003028     0x6  abort.o [3]
  .text               ro code  0x0000302e    0x66  lib_mem.o [1]
  .text               ro code  0x00003094    0x28  cpu_bsp.o [1]
  .text               ro code  0x000030bc    0x14  exit.o [6]
  .text               ro code  0x000030d0    0xa8  bsp.o [1]
  .text               ro code  0x00003178    0x6c  iarttio.o [6]
  .text               ro code  0x000031e4   0x490  sysctl.o [1]
  .text               ro code  0x00003674   0x256  bsp_int.o [1]
  .rodata             const    0x000038ca     0x2  os_dbg.o [1]
  .text               ro code  0x000038cc   0x264  bsp_display.o [1]
  .text               ro code  0x00003b30    0xa0  bsp_io.o [1]
  .text               ro code  0x00003bd0   0x154  bsp_sensors.o [1]
  .text               ro code  0x00003d24   0x120  bsp_motor.o [1]
  .text               ro code  0x00003e44     0x8  XShttio.o [3]
  .text               ro code  0x00003e4c   0x13c  cpu_c.o [1]
  .text               ro code  0x00003f88   0x8e4  os_core.o [1]
  .text               ro code  0x0000486c    0xac  i2c.o [1]
  .text               ro code  0x00004918   0x2b0  gpio.o [1]
  .text               ro code  0x00004bc8    0x82  pwm.o [1]
  .rodata             const    0x00004c4a     0x2  os_dbg.o [1]
  .text               ro code  0x00004c4c    0xe8  tree.o [1]
  .text               ro code  0x00004d34   0x160  os_cpu_c.o [1]
  .text               ro code  0x00004e94    0x88  os_prio.o [1]
  .text               ro code  0x00004f1c   0x91c  os_task.o [1]
  .text               ro code  0x00005838   0x64c  os_tick.o [1]
  .text               ro code  0x00005e84    0xcc  os_msg.o [1]
  .text               ro code  0x00005f50   0x758  os_mutex.o [1]
  .text               ro code  0x000066a8    0x1c  os_q.o [1]
  .text               ro code  0x000066c4   0x2e4  os_tmr.o [1]
  .text               ro code  0x000069a8   0x1e8  os_dbg.o [1]
  .text               ro code  0x00006b90    0xe0  os_cfg_app.o [1]
  CODE                ro code  0x00006c70    0x84  os_cpu_a.o [1]
  .text               ro code  0x00006cf4     0x6  ABImemclr4.o [5]
  .rodata             const    0x00006cfa     0x2  os_dbg.o [1]
  .text               ro code  0x00006cfc    0x48  os_time.o [1]
  .text               ro code  0x00006d44   0x1f4  splay.o [1]
  .text               ro code  0x00006f38   0x398  avl.o [1]
  .text               ro code  0x000072d0    0x32  ABImemset48.o [5]
  .rodata             const    0x00007302     0x2  os_dbg.o [1]
  .text               ro code  0x00007304    0x24  printf.o [3]
  .text               ro code  0x00007328     0x4  exit.o [3]
  .text               ro code  0x0000732c     0xe  cexit.o [5]
  .rodata             const    0x0000733a     0x2  os_dbg.o [1]
  .text               ro code  0x0000733c    0x58  xcloseall.o [3]
  .text               ro code  0x00007394    0x7a  fclose.o [3]
  .text               ro code  0x0000740e    0x10  write.o [6]
  .rodata             const    0x0000741e     0x2  os_dbg.o [1]
  .text               ro code  0x00007420    0x7c  xfofind.o [3]
  .text               ro code  0x0000749c    0xb0  fflush.o [3]
  .text               ro code  0x0000754c    0x1a  close.o [6]
  .text               ro code  0x00007566    0x16  remove.o [6]
  .text               ro code  0x0000757c    0x1e  dwrite.o [6]
  .text               ro code  0x0000759a     0x4  xsyslock_nop.o [3]
  .rodata             const    0x0000759e     0x2  os_dbg.o [1]
  .text               ro code  0x000075a0    0xe0  XShHandles.o [3]
  .text               ro code  0x00007680    0x20  iarwstd.o [6]
  .text               ro code  0x000076a0    0x22  iarwrite.o [6]
  .rodata             const    0x000076c2     0x2  os_dbg.o [1]
  .text               ro code  0x000076c4   0x474  app.o [1]
  .text               ro code  0x00007b38    0x40  ethernet.o [1]
  .text               ro code  0x00007b78    0xd6  xfspos.o [3]
  .text               ro code  0x00007c4e     0xc  xfgpos.o [3]
  .text               ro code  0x00007c5a    0x4c  lseek.o [6]
  .rodata             const    0x00007ca6     0x2  os_dbg.o [1]
  .text               ro code  0x00007ca8     0xc  errno.o [3]
  .text               ro code  0x00007cb4    0xd4  packbits_init.o [5]
  .text               ro code  0x00007d88    0xb6  xfwprep.o [3]
  .text               ro code  0x00007e3e    0x22  fseek.o [3]
  .rodata             const    0x00007e60    0x68  tree234.o [1]
  .rodata             const    0x00007ec8    0x5c  sysctl.o [1]
  .text               ro code  0x00007f24    0x56  fputc.o [3]
  .rodata             const    0x00007f7a     0x2  os_dbg.o [1]
  .rodata             const    0x00007f7c    0x50  bsp_display.o [1]
  .rodata             const    0x00007fcc    0x48  gpio.o [1]
  .rodata             const    0x00008014    0x34  os_dbg.o [1]
  .rodata             const    0x00008048    0x30  os_dbg.o [1]
  .rodata             const    0x00008078    0x30  os_dbg.o [1]
  .rodata             const    0x000080a8    0x30  tree234.o [1]
  .rodata             const    0x000080d8    0x28  os_dbg.o [1]
  .rodata             const    0x00008100    0x28  os_dbg.o [1]
  .text               ro code  0x00008128    0x28  data_init.o [5]
  .iar.init_table     const    0x00008150    0x2c  - Linker created -
  .rodata             const    0x0000817c    0x20  os_dbg.o [1]
  .text               ro code  0x0000819c    0x1a  cmain.o [5]
  .text               ro code  0x000081b6     0x4  low_level_init.o [3]
  .rodata             const    0x000081ba     0x1  os_cfg_app.o [1]
  .rodata             const    0x000081bb     0x1  os_cfg_app.o [1]
  .rodata             const    0x000081bc    0x18  os_tmr.o [1]
  .rodata             const    0x000081d4    0x18  tree234.o [1]
  .text               ro code  0x000081ec    0x16  xprout.o [3]
  .rodata             const    0x00008202     0x1  os_dbg.o [1]
  .rodata             const    0x00008203     0x1  os_dbg.o [1]
  .text               ro code  0x00008204     0xc  putchar.o [3]
  .rodata             const    0x00008210    0x14  os_core.o [1]
  .rodata             const    0x00008224    0x14  os_tick.o [1]
  .rodata             const    0x00008238    0x14  splay.o [1]
  .rodata             const    0x0000824c    0x10  app.o [1]
  .rodata             const    0x0000825c    0x10  app.o [1]
  .rodata             const    0x0000826c    0x10  app.o [1]
  .rodata             const    0x0000827c    0x10  app.o [1]
  .rodata             const    0x0000828c    0x10  app.o [1]
  .rodata             const    0x0000829c     0xc  app.o [1]
  .rodata             const    0x000082a8     0xc  os_core.o [1]
  .rodata             const    0x000082b4     0xc  sysctl.o [1]
  .rodata             const    0x000082c0     0xc  sysctl.o [1]
  .rodata             const    0x000082cc     0xc  sysctl.o [1]
  .text               ro code  0x000082d8     0xc  app_vect.o [1]
  .text               ro code  0x000082e4     0xc  cstartup_M.o [5]
  .rodata             const    0x000082f0     0x8  bsp_display.o [1]
  .rodata             const    0x000082f8     0x8  bsp_display.o [1]
  .rodata             const    0x00008300     0x8  os_core.o [1]
  .rodata             const    0x00008308     0x8  os_task.o [1]
  .rodata             const    0x00008310     0x4  os_cfg_app.o [1]
  .rodata             const    0x00008314     0x4  os_cfg_app.o [1]
  .rodata             const    0x00008318     0x4  os_cfg_app.o [1]
  .rodata             const    0x0000831c     0x4  os_cfg_app.o [1]
  .rodata             const    0x00008320     0x4  os_cfg_app.o [1]
  .rodata             const    0x00008324     0x4  os_cfg_app.o [1]
  .rodata             const    0x00008328     0x4  os_cfg_app.o [1]
  .rodata             const    0x0000832c     0x4  os_cfg_app.o [1]
  .rodata             const    0x00008330     0x4  os_cfg_app.o [1]
  .rodata             const    0x00008334     0x4  os_cfg_app.o [1]
  .rodata             const    0x00008338     0x4  os_cfg_app.o [1]
  .rodata             const    0x0000833c     0x4  os_cfg_app.o [1]
  .rodata             const    0x00008340     0x4  os_cfg_app.o [1]
  .rodata             const    0x00008344     0x4  os_cfg_app.o [1]
  .rodata             const    0x00008348     0x4  os_cfg_app.o [1]
  .rodata             const    0x0000834c     0x4  os_cfg_app.o [1]
  .rodata             const    0x00008350     0x4  os_cfg_app.o [1]
  .rodata             const    0x00008354     0x4  os_cfg_app.o [1]
  .rodata             const    0x00008358     0x4  os_cfg_app.o [1]
  .rodata             const    0x0000835c     0x4  os_cfg_app.o [1]
  .rodata             const    0x00008360     0x4  os_cfg_app.o [1]
  .rodata             const    0x00008364     0x4  os_cfg_app.o [1]
  .rodata             const    0x00008368     0x4  os_cfg_app.o [1]
  .rodata             const    0x0000836c     0x4  os_dbg.o [1]
  .rodata             const    0x00008370     0x4  os_dbg.o [1]
  .rodata             const    0x00008374     0x4  os_dbg.o [1]
  .rodata             const    0x00008378     0x4  tree.o [1]
  .rodata             const    0x0000837c     0x1  os_dbg.o [1]
  .rodata             const    0x0000837d     0x1  os_dbg.o [1]
  .rodata             const    0x0000837e     0x1  os_dbg.o [1]
  .rodata             const    0x0000837f     0x1  os_dbg.o [1]
  .rodata             const    0x00008380     0x1  os_dbg.o [1]
  .rodata             const    0x00008381     0x1  os_dbg.o [1]
  .rodata             const    0x00008382     0x1  os_dbg.o [1]
  .rodata             const    0x00008383     0x1  os_dbg.o [1]
  .rodata             const    0x00008384     0x1  os_dbg.o [1]
  .rodata             const    0x00008385     0x1  os_dbg.o [1]
  .rodata             const    0x00008386     0x1  os_dbg.o [1]
  .rodata             const    0x00008387     0x1  os_dbg.o [1]
  .rodata             const    0x00008388     0x1  os_dbg.o [1]
  .rodata             const    0x00008389     0x1  os_dbg.o [1]
  .rodata             const    0x0000838a     0x1  os_dbg.o [1]
  .rodata             const    0x0000838b     0x1  os_dbg.o [1]
  .rodata             const    0x0000838c     0x1  os_dbg.o [1]
  .rodata             const    0x0000838d     0x1  os_dbg.o [1]
  .rodata             const    0x0000838e     0x1  os_dbg.o [1]
  .rodata             const    0x0000838f     0x1  os_dbg.o [1]
  .rodata             const    0x00008390     0x1  os_dbg.o [1]
  .rodata             const    0x00008391     0x1  os_dbg.o [1]
  .rodata             const    0x00008392     0x1  os_dbg.o [1]
  .rodata             const    0x00008393     0x1  os_dbg.o [1]
  .rodata             const    0x00008394     0x1  os_dbg.o [1]
  .rodata             const    0x00008395     0x1  os_dbg.o [1]
  .rodata             const    0x00008396     0x1  os_dbg.o [1]
  .rodata             const    0x00008397     0x1  os_dbg.o [1]
  .rodata             const    0x00008398     0x1  os_dbg.o [1]
  .rodata             const    0x00008399     0x1  os_dbg.o [1]
  .text               ro code  0x0000839c     0x0  cstart_closeall.o [5]
  .rodata             const    0x0000839c     0x0  zero_init3.o [5]
  .rodata             const    0x0000839c     0x0  packbits_init.o [5]
  Initializer bytes   ro data  0x0000839c    0x8a  <for P7 s0>
                             - 0x00008426  0x830a

"P7", part 1 of 3:                          0x1ec
  P7 s0                        0x20000000   0x1ec  <Init block>
    __DLIB_PERTHREAD  inited   0x20000000    0x88  localeconv.o [3]
    __DLIB_PERTHREAD  inited   0x20000088    0x74  setlocale.o [3]
    .data             inited   0x200000fc    0x40  xfiles.o [3]
    .data             inited   0x2000013c    0x40  xfiles.o [3]
    .data             inited   0x2000017c    0x40  xfiles.o [3]
    .data             inited   0x200001bc    0x20  xfiles.o [3]
    .data             inited   0x200001dc     0x8  XShttio.o [3]
    .data             inited   0x200001e4     0x4  splay.o [1]
    __DLIB_PERTHREAD  inited   0x200001e8     0x4  errno.o [3]
                             - 0x200001ec   0x1ec

"P7", part 2 of 3:                         0x25a4
  .bss                zero     0x200001ec   0x640  os_cfg_app.o [1]
  .bss                zero     0x2000082c   0x200  app.o [1]
  .bss                zero     0x20000a2c   0x200  app.o [1]
  .bss                zero     0x20000c2c   0x200  app.o [1]
  .bss                zero     0x20000e2c   0x200  app.o [1]
  .bss                zero     0x2000102c   0x200  os_cfg_app.o [1]
  .bss                zero     0x2000122c   0x200  os_cfg_app.o [1]
  .bss                zero     0x2000142c   0x200  os_cfg_app.o [1]
  .bss                zero     0x2000162c   0x200  os_cfg_app.o [1]
  .bss                zero     0x2000182c   0x118  bsp_int.o [1]
  .bss                zero     0x20001944    0xf0  os_mutex.o [1]
  .bss                zero     0x20001a34    0xf0  os_mutex.o [1]
  .bss                zero     0x20001b24    0xf0  os_tick.o [1]
  .bss                zero     0x20001c14    0xf0  os_tick.o [1]
  .bss                zero     0x20001d04    0xa0  os_mutex.o [1]
  .bss                zero     0x20001da4    0x94  app.o [1]
  .bss                zero     0x20001e38    0x94  app.o [1]
  .bss                zero     0x20001ecc    0x94  app.o [1]
  .bss                zero     0x20001f60    0x94  app.o [1]
  .bss                zero     0x20001ff4    0x94  os_var.o [1]
  .bss                zero     0x20002088    0x94  os_var.o [1]
  .bss                zero     0x2000211c    0x94  os_var.o [1]
  .bss                zero     0x200021b0    0x80  XShHandles.o [3]
  .bss                zero     0x20002230    0x78  avl.o [1]
  .bss                zero     0x200022a8    0x78  os_var.o [1]
  .bss                zero     0x20002320    0x68  os_cfg_app.o [1]
  .bss                zero     0x20002388    0x68  os_cfg_app.o [1]
  .bss                zero     0x200023f0    0x60  splay.o [1]
  .bss                zero     0x20002450    0x50  xfiles.o [3]
  .bss                zero     0x200024a0    0x50  xfiles.o [3]
  .bss                zero     0x200024f0    0x3c  os_task.o [1]
  .bss                zero     0x2000252c    0x3c  os_task.o [1]
  .bss                zero     0x20002568    0x30  app.o [1]
  .bss                zero     0x20002598    0x30  app.o [1]
  .bss                zero     0x200025c8    0x30  app.o [1]
  .bss                zero     0x200025f8    0x28  tree234.o [1]
  .bss                zero     0x20002620    0x20  avl.o [1]
  .bss                zero     0x20002640    0x20  splay.o [1]
  .bss                zero     0x20002660    0x20  tree234.o [1]
  .bss                zero     0x20002680    0x1c  os_task.o [1]
  .bss                zero     0x2000269c    0x10  cpu_core.o [1]
  .bss                zero     0x200026ac     0x8  os_var.o [1]
  .bss                zero     0x200026b4     0x8  xxmemxmalloc.o [3]
  .bss                zero     0x200026bc     0x4  avl.o [1]
  .bss                zero     0x200026c0     0x4  avl.o [1]
  .bss                zero     0x200026c4     0x4  bsp.o [1]
  .bss                zero     0x200026c8     0x4  bsp_display.o [1]
  .bss                zero     0x200026cc     0x4  cpu_core.o [1]
  .bss                zero     0x200026d0     0x4  cpu_core.o [1]
  .bss                zero     0x200026d4     0x4  cpu_core.o [1]
  .bss                zero     0x200026d8     0x4  cpu_core.o [1]
  .bss                zero     0x200026dc     0x4  cpu_core.o [1]
  .bss                zero     0x200026e0     0x4  cpu_core.o [1]
  .bss                zero     0x200026e4     0x4  os_cpu_c.o [1]
  .bss                zero     0x200026e8     0x4  os_mutex.o [1]
  .bss                zero     0x200026ec     0x4  os_mutex.o [1]
  .bss                zero     0x200026f0     0x4  os_mutex.o [1]
  .bss                zero     0x200026f4     0x4  os_mutex.o [1]
  .bss                zero     0x200026f8     0x4  os_mutex.o [1]
  .bss                zero     0x200026fc     0x4  os_prio.o [1]
  .bss                zero     0x20002700     0x4  os_task.o [1]
  .bss                zero     0x20002704     0x4  os_task.o [1]
  .bss                zero     0x20002708     0x4  os_task.o [1]
  .bss                zero     0x2000270c     0x4  os_tick.o [1]
  .bss                zero     0x20002710     0x4  os_tick.o [1]
  .bss                zero     0x20002714     0x4  os_var.o [1]
  .bss                zero     0x20002718     0x4  os_var.o [1]
  .bss                zero     0x2000271c     0x4  os_var.o [1]
  .bss                zero     0x20002720     0x4  os_var.o [1]
  .bss                zero     0x20002724     0x4  os_var.o [1]
  .bss                zero     0x20002728     0x4  os_var.o [1]
  .bss                zero     0x2000272c     0x4  os_var.o [1]
  .bss                zero     0x20002730     0x4  os_var.o [1]
  .bss                zero     0x20002734     0x4  os_var.o [1]
  .bss                zero     0x20002738     0x4  os_var.o [1]
  .bss                zero     0x2000273c     0x4  os_var.o [1]
  .bss                zero     0x20002740     0x4  os_var.o [1]
  .bss                zero     0x20002744     0x4  os_var.o [1]
  .bss                zero     0x20002748     0x4  os_var.o [1]
  .bss                zero     0x2000274c     0x4  os_var.o [1]
  .bss                zero     0x20002750     0x4  os_var.o [1]
  .bss                zero     0x20002754     0x4  os_var.o [1]
  .bss                zero     0x20002758     0x4  os_var.o [1]
  .bss                zero     0x2000275c     0x4  splay.o [1]
  .bss                zero     0x20002760     0x4  splay.o [1]
  .bss                zero     0x20002764     0x4  splay.o [1]
  .bss                zero     0x20002768     0x4  tree234.o [1]
  .bss                zero     0x2000276c     0x4  tree234.o [1]
  .bss                zero     0x20002770     0x4  xgetmemchunk.o [3]
  .bss                zero     0x20002774     0x2  avl.o [1]
  .bss                zero     0x20002776     0x2  cpu_core.o [1]
  .bss                zero     0x20002778     0x2  cpu_core.o [1]
  .bss                zero     0x2000277a     0x2  os_var.o [1]
  .bss                zero     0x2000277c     0x2  os_var.o [1]
  .bss                zero     0x2000277e     0x2  os_var.o [1]
  .bss                zero     0x20002780     0x2  os_var.o [1]
  .bss                zero     0x20002782     0x2  splay.o [1]
  .bss                zero     0x20002784     0x2  tree234.o [1]
  .bss                zero     0x20002786     0x1  app.o [1]
  .bss                zero     0x20002787     0x1  app.o [1]
  .bss                zero     0x20002788     0x1  app.o [1]
  .bss                zero     0x20002789     0x1  app.o [1]
  .bss                zero     0x2000278a     0x1  app.o [1]
  .bss                zero     0x2000278b     0x1  os_var.o [1]
  .bss                zero     0x2000278c     0x1  os_var.o [1]
  .bss                zero     0x2000278d     0x1  os_var.o [1]
  .bss                zero     0x2000278e     0x1  os_var.o [1]
  .bss                zero     0x2000278f     0x1  os_var.o [1]
                             - 0x20002790  0x25a4

"P7", part 3 of 3:                          0x400
  HEAP                         0x20002790     0x0  <Block>
  CSTACK                       0x20002790   0x400  <Block>
    CSTACK            uninit   0x20002790   0x400  <Block tail>
                             - 0x20002b90   0x400


*******************************************************************************
*** INIT TABLE
***

          Address     Size
          -------     ----
Zero (__iar_zero_init3)
    1 destination range, total size 0x25a4:
          0x200001ec  0x25a4

Copy/packbits (__iar_packbits_init3)
    1 source range, total size 0x8a (28% of destination):
          0x0000839c    0x8a
    1 destination range, total size 0x1ec:
          0x20000000   0x1ec



*******************************************************************************
*** MODULE SUMMARY
***

    Module                 ro code  ro data  rw data
    ------                 -------  -------  -------
C:\Users\saurabh\Desktop\Phase1_code&&report\phase2\naruto shippuden\EvalBoards\TI\LM3S9B92-EVALBOT\IAR\uCOS-III-CE4053_PG\Flash\Obj: [1]
    app.o                    1 140       92    2 789
    app_vect.o                  12      284
    avl.o                      920               162
    bsp.o                      168                 4
    bsp_display.o              612       96        4
    bsp_int.o                  598               280
    bsp_io.o                   160
    bsp_motor.o                288
    bsp_sensors.o              340
    cpu_a.o                     42
    cpu_bsp.o                   40
    cpu_c.o                    316
    cpu_core.o                 416                44
    ethernet.o                  64
    gpio.o                     688       72
    i2c.o                      172
    lib_mem.o                  102
    os_cfg_app.o               224      100    3 856
    os_core.o                2 276       40
    os_cpu_a.o                 132
    os_cpu_c.o                 352                 4
    os_dbg.o                   488      344
    os_mem.o                   360
    os_msg.o                   204
    os_mutex.o               1 880               660
    os_prio.o                  136                 4
    os_q.o                      28
    os_task.o                2 332        8      160
    os_tick.o                1 612       20      488
    os_time.o                   72
    os_tmr.o                   740       24
    os_var.o                                     657
    pwm.o                      130
    splay.o                    500       21      146
    sysctl.o                 1 168      128
    tree.o                     232        4
    tree234.o                3 264      176       82
    ------------------------------------------------
    Total:                  22 208    1 409    9 340

command line: [2]
    ------------------------------------------------
    Total:

dl7M_tlf.a: [3]
    XShHandles.o               224               128
    XShttio.o                    8        2        8
    abort.o                      6
    div.o                       14
    errno.o                     12        2        4
    exit.o                       4
    fclose.o                   122
    fflush.o                   176
    fputc.o                     86
    fseek.o                     34
    localeconv.o               108       38      136
    low_level_init.o             4
    printf.o                    36
    putchar.o                   12
    setlocale.o                 20       32      116
    xassert.o                   76
    xcloseall.o                 88
    xencoding_sb.o              96
    xfgpos.o                    12
    xfiles.o                             63      384
    xfofind.o                  124
    xfspos.o                   214
    xfwprep.o                  182
    xgetmemchunk.o              44                 4
    xmbcurmax.o                 10
    xmbtowc.o                   32
    xprintffull.o            4 462
    xprout.o                    22
    xsyslock_nop.o               4
    xtls.o                       2
    xwctomb.o                   26
    xxmemxfree.o               128
    xxmemxmalloc.o             176                 8
    ------------------------------------------------
    Total:                   6 564      137      788

m7M_tl.a: [4]
    DblAdd.o                   212
    DblCmpGe.o                  46
    DblCmpLe.o                  46
    DblDiv.o                   582
    DblMul.o                   418
    DblSub.o                   384
    DblToI32.o                  88
    I32ToDbl.o                  48
    xdnorm.o                    66
    xdscale.o                  268
    ------------------------------------------------
    Total:                   2 158

rt7M_tl.a: [5]
    ABImemclr4.o                 6
    ABImemcpy_unaligned.o      118
    ABImemset48.o               50
    I64DivMod.o                238
    I64DivZer.o                  2
    cexit.o                     14
    cmain.o                     26
    cstart_closeall.o
    cstartup_M.o                12
    data_init.o                 40
    memchr.o                    88
    packbits_init.o            212
    strchr.o                    22
    strlen.o                    54
    zero_init3.o                34
    ------------------------------------------------
    Total:                     916

shb_l.a: [6]
    ABIassert.o                 28
    close.o                     26
    dwrite.o                    30
    exit.o                      20
    iarttio.o                  108
    iarwrite.o                  34
    iarwstd.o                   32
    lseek.o                     76
    remove.o                    22
    write.o                     16
    ------------------------------------------------
    Total:                     392

    Gaps                         2
    Linker created                       44    1 024
----------------------------------------------------
    Grand Total:            32 240    1 590   11 152


*******************************************************************************
*** ENTRY LIST
***

Entry                      Address   Size  Type      Object
-----                      -------   ----  ----      ------
?main                   0x0000819d         Code  Gb  cmain.o [5]
AMyPartition            0x20002620   0x20  Data  Gb  avl.o [1]
AMyPartitionStorage     0x20002230   0x78  Data  Gb  avl.o [1]
AT                      0x200026bc    0x4  Data  Gb  avl.o [1]
AdeleteNode             0x00007105  0x1a0  Code  Gb  avl.o [1]
Ainsert                 0x0000700f   0xea  Code  Gb  avl.o [1]
AleftRotate             0x00006fb1   0x40  Code  Gb  avl.o [1]
AnewNode                0x00006f4d   0x24  Code  Gb  avl.o [1]
AppRobotMotorDriveSensorEnable
                        0x000079c1   0x20  Code  Lc  app.o [1]
AppTaskFive             0x000078cd   0x36  Code  Lc  app.o [1]
AppTaskFiveStk          0x20000e2c  0x200  Data  Lc  app.o [1]
AppTaskFiveTCB          0x20001f60   0x94  Data  Lc  app.o [1]
AppTaskOne              0x00007905   0x6a  Code  Lc  app.o [1]
AppTaskOneStk           0x20000a2c  0x200  Data  Lc  app.o [1]
AppTaskOneTCB           0x20001e38   0x94  Data  Lc  app.o [1]
AppTaskStart            0x00007755  0x176  Code  Lc  app.o [1]
AppTaskStartStk         0x2000082c  0x200  Data  Lc  app.o [1]
AppTaskStartTCB         0x20001da4   0x94  Data  Lc  app.o [1]
AppTaskTwo              0x00007971   0x50  Code  Lc  app.o [1]
AppTaskTwoStk           0x20000c2c  0x200  Data  Lc  app.o [1]
AppTaskTwoTCB           0x20001ecc   0x94  Data  Lc  app.o [1]
App_BusFault_ISR        0x000082dd    0x2  Code  Lc  app_vect.o [1]
App_Fault_ISR           0x000082db    0x2  Code  Lc  app_vect.o [1]
App_MemFault_ISR        0x000082e1    0x2  Code  Lc  app_vect.o [1]
App_NMI_ISR             0x000082d9    0x2  Code  Lc  app_vect.o [1]
App_Spurious_ISR        0x000082e3    0x2  Code  Lc  app_vect.o [1]
App_UsageFault_ISR      0x000082df    0x2  Code  Lc  app_vect.o [1]
ArightRotate            0x00006f71   0x40  Code  Gb  avl.o [1]
BSP_BumpSensorsInit     0x00003bd1   0x18  Code  Gb  bsp_sensors.o [1]
BSP_CPUClkFreq          0x00003135   0x12  Code  Gb  bsp.o [1]
BSP_CPU_ClkFreq_MHz     0x200026c4    0x4  Data  Gb  bsp.o [1]
BSP_DisplayClear        0x000039a5   0x4c  Code  Gb  bsp_display.o [1]
BSP_DisplayInit         0x00003a2d   0xd8  Code  Gb  bsp_display.o [1]
BSP_DisplayOn           0x000039f1   0x3c  Code  Gb  bsp_display.o [1]
BSP_DisplayWriteArray   0x00003927   0x3e  Code  Lc  bsp_display.o [1]
BSP_DisplayWriteByte    0x000038f5   0x32  Code  Lc  bsp_display.o [1]
BSP_DisplayWriteFinal   0x00003965   0x40  Code  Lc  bsp_display.o [1]
BSP_DisplayWriteFirst   0x000038cd   0x28  Code  Lc  bsp_display.o [1]
BSP_Init                0x000030d1   0x64  Code  Gb  bsp.o [1]
BSP_IntDisAll           0x00003675    0x8  Code  Gb  bsp_int.o [1]
BSP_IntEn               0x0000367d   0x10  Code  Gb  bsp_int.o [1]
BSP_IntHandler          0x000038a3   0x20  Code  Lc  bsp_int.o [1]
BSP_IntHandlerADC0      0x00003727    0xa  Code  Gb  bsp_int.o [1]
BSP_IntHandlerADC1      0x00003731    0xa  Code  Gb  bsp_int.o [1]
BSP_IntHandlerADC1_0    0x0000385d    0xa  Code  Gb  bsp_int.o [1]
BSP_IntHandlerADC1_1    0x00003867    0xa  Code  Gb  bsp_int.o [1]
BSP_IntHandlerADC1_2    0x00003871    0xa  Code  Gb  bsp_int.o [1]
BSP_IntHandlerADC1_3    0x0000387b    0xa  Code  Gb  bsp_int.o [1]
BSP_IntHandlerADC2      0x0000373b    0xa  Code  Gb  bsp_int.o [1]
BSP_IntHandlerADC3      0x00003745    0xa  Code  Gb  bsp_int.o [1]
BSP_IntHandlerCAN0      0x00003817    0xa  Code  Gb  bsp_int.o [1]
BSP_IntHandlerCAN1      0x00003821    0xa  Code  Gb  bsp_int.o [1]
BSP_IntHandlerCOMP0     0x00003795    0xa  Code  Gb  bsp_int.o [1]
BSP_IntHandlerCOMP1     0x0000379f    0xa  Code  Gb  bsp_int.o [1]
BSP_IntHandlerCOMP2     0x000037a9    0xa  Code  Gb  bsp_int.o [1]
BSP_IntHandlerDummy     0x000038c9    0x2  Code  Lc  bsp_int.o [1]
BSP_IntHandlerEPI       0x0000388f    0xa  Code  Gb  bsp_int.o [1]
BSP_IntHandlerETH       0x0000382b    0xa  Code  Gb  bsp_int.o [1]
BSP_IntHandlerFLASH     0x000037bd    0xa  Code  Gb  bsp_int.o [1]
BSP_IntHandlerGPIOA     0x000036cd    0xa  Code  Gb  bsp_int.o [1]
BSP_IntHandlerGPIOB     0x000036d7    0xa  Code  Gb  bsp_int.o [1]
BSP_IntHandlerGPIOC     0x000036e1    0xa  Code  Gb  bsp_int.o [1]
BSP_IntHandlerGPIOD     0x000036eb    0xa  Code  Gb  bsp_int.o [1]
BSP_IntHandlerGPIOE     0x000036f5    0xa  Code  Gb  bsp_int.o [1]
BSP_IntHandlerGPIOF     0x000037c7    0xa  Code  Gb  bsp_int.o [1]
BSP_IntHandlerGPIOG     0x000037d1    0xa  Code  Gb  bsp_int.o [1]
BSP_IntHandlerGPIOH     0x000037db    0xa  Code  Gb  bsp_int.o [1]
BSP_IntHandlerGPIOJ     0x00003899    0xa  Code  Gb  bsp_int.o [1]
BSP_IntHandlerHIBERNATE
                        0x00003835    0xa  Code  Gb  bsp_int.o [1]
BSP_IntHandlerI2C0      0x0000371d    0xa  Code  Gb  bsp_int.o [1]
BSP_IntHandlerI2C1      0x0000380d    0xa  Code  Gb  bsp_int.o [1]
BSP_IntHandlerI2S0      0x00003885    0xa  Code  Gb  bsp_int.o [1]
BSP_IntHandlerSSI0      0x00003713    0xa  Code  Gb  bsp_int.o [1]
BSP_IntHandlerSSI1      0x000037ef    0xa  Code  Gb  bsp_int.o [1]
BSP_IntHandlerSYSCTL    0x000037b3    0xa  Code  Gb  bsp_int.o [1]
BSP_IntHandlerTIMER0A   0x00003759    0xa  Code  Gb  bsp_int.o [1]
BSP_IntHandlerTIMER0B   0x00003763    0xa  Code  Gb  bsp_int.o [1]
BSP_IntHandlerTIMER1A   0x0000376d    0xa  Code  Gb  bsp_int.o [1]
BSP_IntHandlerTIMER1B   0x00003777    0xa  Code  Gb  bsp_int.o [1]
BSP_IntHandlerTIMER2A   0x00003781    0xa  Code  Gb  bsp_int.o [1]
BSP_IntHandlerTIMER2B   0x0000378b    0xa  Code  Gb  bsp_int.o [1]
BSP_IntHandlerTIMER3A   0x000037f9    0xa  Code  Gb  bsp_int.o [1]
BSP_IntHandlerTIMER3B   0x00003803    0xa  Code  Gb  bsp_int.o [1]
BSP_IntHandlerUART0     0x000036ff    0xa  Code  Gb  bsp_int.o [1]
BSP_IntHandlerUART1     0x00003709    0xa  Code  Gb  bsp_int.o [1]
BSP_IntHandlerUART2     0x000037e5    0xa  Code  Gb  bsp_int.o [1]
BSP_IntHandlerUDMA_ERR  0x00003853    0xa  Code  Gb  bsp_int.o [1]
BSP_IntHandlerUDMA_SW   0x00003849    0xa  Code  Gb  bsp_int.o [1]
BSP_IntHandlerUSB       0x0000383f    0xa  Code  Gb  bsp_int.o [1]
BSP_IntHandlerWATCHDOG  0x0000374f    0xa  Code  Gb  bsp_int.o [1]
BSP_IntInit             0x000036b5   0x18  Code  Gb  bsp_int.o [1]
BSP_IntVectSet          0x0000368d   0x28  Code  Gb  bsp_int.o [1]
BSP_IntVectTbl          0x2000182c  0x118  Data  Lc  bsp_int.o [1]
BSP_LED_Off             0x00003b91   0x36  Code  Gb  bsp_io.o [1]
BSP_LED_On              0x00003b5b   0x36  Code  Gb  bsp_io.o [1]
BSP_LEDsInit            0x00003b49   0x12  Code  Gb  bsp_io.o [1]
BSP_MotorStop           0x00003e01   0x30  Code  Gb  bsp_motor.o [1]
BSP_MotorsInit          0x00003d25   0xdc  Code  Gb  bsp_motor.o [1]
BSP_PushButtonsInit     0x00003b31   0x18  Code  Gb  bsp_io.o [1]
BSP_WheelSensorEnable   0x00003c8b    0xe  Code  Gb  bsp_sensors.o [1]
BSP_WheelSensorIntEnable
                        0x00003c99   0x7e  Code  Gb  bsp_sensors.o [1]
BSP_WheelSensorsInit    0x00003be9   0xa2  Code  Gb  bsp_sensors.o [1]
CPU_CntLeadZeros        0x00002e57         Code  Gb  cpu_a.o [1]
CPU_Init                0x00002e6d   0x10  Code  Gb  cpu_core.o [1]
CPU_IntDis              0x00002e41         Code  Gb  cpu_a.o [1]
CPU_IntDisMeasCtr       0x20002776    0x2  Data  Gb  cpu_core.o [1]
CPU_IntDisMeasInit      0x00002f5f   0x74  Code  Lc  cpu_core.o [1]
CPU_IntDisMeasMaxCalc   0x00002fd3   0x14  Code  Lc  cpu_core.o [1]
CPU_IntDisMeasMaxCurGet
                        0x00002ec5   0x1c  Code  Gb  cpu_core.o [1]
CPU_IntDisMeasMaxCurReset
                        0x00002ea5   0x20  Code  Gb  cpu_core.o [1]
CPU_IntDisMeasMaxCur_cnts
                        0x200026dc    0x4  Data  Gb  cpu_core.o [1]
CPU_IntDisMeasMax_cnts  0x200026e0    0x4  Data  Gb  cpu_core.o [1]
CPU_IntDisMeasOvrhd_cnts
                        0x200026d8    0x4  Data  Gb  cpu_core.o [1]
CPU_IntDisMeasStart     0x00002ee1   0x28  Code  Gb  cpu_core.o [1]
CPU_IntDisMeasStart_cnts
                        0x200026d0    0x4  Data  Gb  cpu_core.o [1]
CPU_IntDisMeasStop      0x00002f09   0x40  Code  Gb  cpu_core.o [1]
CPU_IntDisMeasStop_cnts
                        0x200026d4    0x4  Data  Gb  cpu_core.o [1]
CPU_IntDisNestCtr       0x20002778    0x2  Data  Gb  cpu_core.o [1]
CPU_IntEn               0x00002e45         Code  Gb  cpu_a.o [1]
CPU_IntSrcEn            0x00003e4d  0x12c  Code  Gb  cpu_c.o [1]
CPU_Name                0x2000269c   0x10  Data  Gb  cpu_core.o [1]
CPU_NameClr             0x00002e7d   0x22  Code  Gb  cpu_core.o [1]
CPU_NameInit            0x00002f49    0x8  Code  Lc  cpu_core.o [1]
CPU_RevBits             0x00002e5d         Code  Gb  cpu_a.o [1]
CPU_SR_Restore          0x00002e51         Code  Gb  cpu_a.o [1]
CPU_SR_Save             0x00002e49         Code  Gb  cpu_a.o [1]
CPU_TS_Init             0x00002f51    0xe  Code  Lc  cpu_core.o [1]
CPU_TS_TmrFreqSet       0x00002e9f    0x6  Code  Gb  cpu_core.o [1]
CPU_TS_TmrFreq_Hz       0x200026cc    0x4  Data  Gb  cpu_core.o [1]
CPU_TS_TmrInit          0x00003095   0x18  Code  Gb  cpu_bsp.o [1]
CPU_TS_TmrRd            0x000030ad    0x6  Code  Gb  cpu_bsp.o [1]
CPU_WaitForExcept       0x00002e67         Code  Gb  cpu_a.o [1]
CPU_WaitForInt          0x00002e63         Code  Gb  cpu_a.o [1]
CSTACK$$Base            0x20002790          --   Gb  - Linker created -
CSTACK$$Limit           0x20002b90          --   Gb  - Linker created -
EthernetPHYRead         0x00007b59   0x20  Code  Gb  ethernet.o [1]
EthernetPHYWrite        0x00007b39   0x20  Code  Gb  ethernet.o [1]
GPIODirModeSet          0x00004919   0x46  Code  Gb  gpio.o [1]
GPIOIntTypeSet          0x0000495f   0x5a  Code  Gb  gpio.o [1]
GPIOPadConfigSet        0x000049b9  0x10e  Code  Gb  gpio.o [1]
GPIOPinConfigure        0x00004b77   0x46  Code  Gb  gpio.o [1]
GPIOPinIntClear         0x00004aff    0x8  Code  Gb  gpio.o [1]
GPIOPinIntDisable       0x00004ad9   0x12  Code  Gb  gpio.o [1]
GPIOPinIntEnable        0x00004ac7   0x12  Code  Gb  gpio.o [1]
GPIOPinIntStatus        0x00004aeb   0x14  Code  Gb  gpio.o [1]
GPIOPinTypeGPIOInput    0x00004b11   0x22  Code  Gb  gpio.o [1]
GPIOPinTypeGPIOOutput   0x00004b33   0x22  Code  Gb  gpio.o [1]
GPIOPinTypeI2C          0x00004b55   0x22  Code  Gb  gpio.o [1]
GPIOPinWrite            0x00004b07    0xa  Code  Gb  gpio.o [1]
HEAP$$Base              0x20002790          --   Gb  - Linker created -
HEAP$$Limit             0x20002790          --   Gb  - Linker created -
I2CMasterControl        0x000048f1    0x4  Code  Gb  i2c.o [1]
I2CMasterDataPut        0x00004913    0x6  Code  Gb  i2c.o [1]
I2CMasterEnable         0x000048ab    0xa  Code  Gb  i2c.o [1]
I2CMasterErr            0x000048f5   0x1e  Code  Gb  i2c.o [1]
I2CMasterInitExpClk     0x0000486d   0x3e  Code  Gb  i2c.o [1]
I2CMasterIntStatus      0x000048b5   0x26  Code  Gb  i2c.o [1]
I2CMasterSlaveAddrSet   0x000048e5    0xc  Code  Gb  i2c.o [1]
InStream_Read           0x00007cb5   0x22  Code  Lc  packbits_init.o [5]
IntWheelSensor          0x000079e1   0xd2  Code  Gb  app.o [1]
Left_tgt                0x20002786    0x1  Data  Gb  app.o [1]
Mem_Clr                 0x0000302f    0xc  Code  Gb  lib_mem.o [1]
Mem_Set                 0x0000303b   0x5a  Code  Gb  lib_mem.o [1]
MutexOne                0x20002568   0x30  Data  Gb  app.o [1]
MutexThree              0x200025c8   0x30  Data  Gb  app.o [1]
MutexTwo                0x20002598   0x30  Data  Gb  app.o [1]
MyPartition             0x20002640   0x20  Data  Gb  splay.o [1]
MyPartitionStorage      0x200023f0   0x60  Data  Gb  splay.o [1]
NextPeriod              0x20001c14   0xf0  Data  Gb  os_tick.o [1]
OSCfg_DataSizeRAM       0x00008368    0x4  Data  Gb  os_cfg_app.o [1]
OSCfg_ISRStk            0x2000122c  0x200  Data  Gb  os_cfg_app.o [1]
OSCfg_ISRStkBasePtr     0x00008320    0x4  Data  Gb  os_cfg_app.o [1]
OSCfg_ISRStkSize        0x00008324    0x4  Data  Gb  os_cfg_app.o [1]
OSCfg_ISRStkSizeRAM     0x00008328    0x4  Data  Gb  os_cfg_app.o [1]
OSCfg_IdleTaskStk       0x2000102c  0x200  Data  Gb  os_cfg_app.o [1]
OSCfg_IdleTaskStkBasePtr
                        0x00008310    0x4  Data  Gb  os_cfg_app.o [1]
OSCfg_IdleTaskStkLimit  0x00008314    0x4  Data  Gb  os_cfg_app.o [1]
OSCfg_IdleTaskStkSize   0x00008318    0x4  Data  Gb  os_cfg_app.o [1]
OSCfg_IdleTaskStkSizeRAM
                        0x0000831c    0x4  Data  Gb  os_cfg_app.o [1]
OSCfg_Init              0x00006b91   0xe0  Code  Gb  os_cfg_app.o [1]
OSCfg_MsgPool           0x200001ec  0x640  Data  Gb  os_cfg_app.o [1]
OSCfg_MsgPoolBasePtr    0x00008330    0x4  Data  Gb  os_cfg_app.o [1]
OSCfg_MsgPoolSize       0x000012e2    0x2  Data  Gb  os_cfg_app.o [1]
OSCfg_MsgPoolSizeRAM    0x0000832c    0x4  Data  Gb  os_cfg_app.o [1]
OSCfg_StkSizeMin        0x00008334    0x4  Data  Gb  os_cfg_app.o [1]
OSCfg_TickRate_Hz       0x00008338    0x4  Data  Gb  os_cfg_app.o [1]
OSCfg_TickTaskPrio      0x000081ba    0x1  Data  Gb  os_cfg_app.o [1]
OSCfg_TickTaskStk       0x2000142c  0x200  Data  Gb  os_cfg_app.o [1]
OSCfg_TickTaskStkBasePtr
                        0x0000833c    0x4  Data  Gb  os_cfg_app.o [1]
OSCfg_TickTaskStkLimit  0x00008340    0x4  Data  Gb  os_cfg_app.o [1]
OSCfg_TickTaskStkSize   0x00008344    0x4  Data  Gb  os_cfg_app.o [1]
OSCfg_TickTaskStkSizeRAM
                        0x00008348    0x4  Data  Gb  os_cfg_app.o [1]
OSCfg_TickWheel         0x20002320   0x68  Data  Gb  os_cfg_app.o [1]
OSCfg_TickWheelSize     0x0000131a    0x2  Data  Gb  os_cfg_app.o [1]
OSCfg_TickWheelSizeRAM  0x0000834c    0x4  Data  Gb  os_cfg_app.o [1]
OSCfg_TmrTaskPrio       0x000081bb    0x1  Data  Gb  os_cfg_app.o [1]
OSCfg_TmrTaskRate_Hz    0x00008350    0x4  Data  Gb  os_cfg_app.o [1]
OSCfg_TmrTaskStk        0x2000162c  0x200  Data  Gb  os_cfg_app.o [1]
OSCfg_TmrTaskStkBasePtr
                        0x00008354    0x4  Data  Gb  os_cfg_app.o [1]
OSCfg_TmrTaskStkLimit   0x00008358    0x4  Data  Gb  os_cfg_app.o [1]
OSCfg_TmrTaskStkSize    0x0000835c    0x4  Data  Gb  os_cfg_app.o [1]
OSCfg_TmrTaskStkSizeRAM
                        0x00008360    0x4  Data  Gb  os_cfg_app.o [1]
OSCfg_TmrWheel          0x20002388   0x68  Data  Gb  os_cfg_app.o [1]
OSCfg_TmrWheelSize      0x0000137e    0x2  Data  Gb  os_cfg_app.o [1]
OSCfg_TmrWheelSizeRAM   0x00008364    0x4  Data  Gb  os_cfg_app.o [1]
OSDbg_AppHooksEn        0x00008203    0x1  Data  Gb  os_dbg.o [1]
OSDbg_ArgChkEn          0x00008202    0x1  Data  Gb  os_dbg.o [1]
OSDbg_CalledFromISRChkEn
                        0x0000837c    0x1  Data  Gb  os_dbg.o [1]
OSDbg_DataSize          0x00008374    0x4  Data  Gb  os_dbg.o [1]
OSDbg_DbgEn             0x0000144a    0x2  Data  Gb  os_dbg.o [1]
OSDbg_EndiannessTest    0x0000836c    0x4  Data  Gb  os_dbg.o [1]
OSDbg_FlagEn            0x0000837d    0x1  Data  Gb  os_dbg.o [1]
OSDbg_FlagGrp           0x000080d8   0x28  Data  Gb  os_dbg.o [1]
OSDbg_ISRPostDeferredEn
                        0x0000837e    0x1  Data  Gb  os_dbg.o [1]
OSDbg_Mem               0x0000817c   0x20  Data  Gb  os_dbg.o [1]
OSDbg_MemEn             0x0000837f    0x1  Data  Gb  os_dbg.o [1]
OSDbg_MemSize           0x000014c2    0x2  Data  Gb  os_dbg.o [1]
OSDbg_MsgEn             0x00008380    0x1  Data  Gb  os_dbg.o [1]
OSDbg_MsgPoolSize       0x00001846    0x2  Data  Gb  os_dbg.o [1]
OSDbg_MsgQSize          0x00001876    0x2  Data  Gb  os_dbg.o [1]
OSDbg_MsgSize           0x00001632    0x2  Data  Gb  os_dbg.o [1]
OSDbg_Mutex             0x00008048   0x30  Data  Gb  os_dbg.o [1]
OSDbg_MutexDelEn        0x00008382    0x1  Data  Gb  os_dbg.o [1]
OSDbg_MutexEn           0x00008381    0x1  Data  Gb  os_dbg.o [1]
OSDbg_MutexPendAbortEn  0x00008383    0x1  Data  Gb  os_dbg.o [1]
OSDbg_MutexSize         0x00001dd2    0x2  Data  Gb  os_dbg.o [1]
OSDbg_ObjTypeChkEn      0x00008384    0x1  Data  Gb  os_dbg.o [1]
OSDbg_PendDataSize      0x00001e4e    0x2  Data  Gb  os_dbg.o [1]
OSDbg_PendListSize      0x00001ef2    0x2  Data  Gb  os_dbg.o [1]
OSDbg_PendMultiEn       0x00008385    0x1  Data  Gb  os_dbg.o [1]
OSDbg_PendObjSize       0x00001fca    0x2  Data  Gb  os_dbg.o [1]
OSDbg_PrioMax           0x00002e6a    0x2  Data  Gb  os_dbg.o [1]
OSDbg_PrioTblSize       0x000038ca    0x2  Data  Gb  os_dbg.o [1]
OSDbg_PtrSize           0x00004c4a    0x2  Data  Gb  os_dbg.o [1]
OSDbg_Q                 0x00008078   0x30  Data  Gb  os_dbg.o [1]
OSDbg_QDelEn            0x00008387    0x1  Data  Gb  os_dbg.o [1]
OSDbg_QEn               0x00008386    0x1  Data  Gb  os_dbg.o [1]
OSDbg_QFlushEn          0x00008388    0x1  Data  Gb  os_dbg.o [1]
OSDbg_QPendAbortEn      0x00008389    0x1  Data  Gb  os_dbg.o [1]
OSDbg_QSize             0x00006cfa    0x2  Data  Gb  os_dbg.o [1]
OSDbg_RdyList           0x00007302    0x2  Data  Gb  os_dbg.o [1]
OSDbg_RdyListSize       0x00008370    0x4  Data  Gb  os_dbg.o [1]
OSDbg_SchedRoundRobinEn
                        0x0000838a    0x1  Data  Gb  os_dbg.o [1]
OSDbg_Sem               0x00008100   0x28  Data  Gb  os_dbg.o [1]
OSDbg_SemEn             0x0000838b    0x1  Data  Gb  os_dbg.o [1]
OSDbg_StatTaskEn        0x0000838d    0x1  Data  Gb  os_dbg.o [1]
OSDbg_StatTaskStkChkEn  0x0000838e    0x1  Data  Gb  os_dbg.o [1]
OSDbg_StkWidth          0x0000838c    0x1  Data  Gb  os_dbg.o [1]
OSDbg_TCBSize           0x0000741e    0x2  Data  Gb  os_dbg.o [1]
OSDbg_TaskChangePrioEn  0x0000838f    0x1  Data  Gb  os_dbg.o [1]
OSDbg_TaskDelEn         0x00008390    0x1  Data  Gb  os_dbg.o [1]
OSDbg_TaskProfileEn     0x00008393    0x1  Data  Gb  os_dbg.o [1]
OSDbg_TaskQEn           0x00008391    0x1  Data  Gb  os_dbg.o [1]
OSDbg_TaskQPendAbortEn  0x00008392    0x1  Data  Gb  os_dbg.o [1]
OSDbg_TaskRegTblSize    0x0000733a    0x2  Data  Gb  os_dbg.o [1]
OSDbg_TaskSemPendAbortEn
                        0x00008394    0x1  Data  Gb  os_dbg.o [1]
OSDbg_TaskSuspendEn     0x00008395    0x1  Data  Gb  os_dbg.o [1]
OSDbg_TickSpokeSize     0x0000759e    0x2  Data  Gb  os_dbg.o [1]
OSDbg_TimeDlyHMSMEn     0x00008396    0x1  Data  Gb  os_dbg.o [1]
OSDbg_TimeDlyResumeEn   0x00008397    0x1  Data  Gb  os_dbg.o [1]
OSDbg_Tmr               0x00008014   0x34  Data  Gb  os_dbg.o [1]
OSDbg_TmrDelEn          0x00008399    0x1  Data  Gb  os_dbg.o [1]
OSDbg_TmrEn             0x00008398    0x1  Data  Gb  os_dbg.o [1]
OSDbg_TmrSize           0x000076c2    0x2  Data  Gb  os_dbg.o [1]
OSDbg_TmrSpokeSize      0x00007ca6    0x2  Data  Gb  os_dbg.o [1]
OSDbg_VersionNbr        0x00007f7a    0x2  Data  Gb  os_dbg.o [1]
OSIdleTaskCtr           0x20002714    0x4  Data  Gb  os_var.o [1]
OSIdleTaskHook          0x00004d35    0x2  Code  Gb  os_cpu_c.o [1]
OSIdleTaskTCB           0x20001ff4   0x94  Data  Gb  os_var.o [1]
OSInit                  0x00003f89   0xdc  Code  Gb  os_core.o [1]
OSInitHook              0x00004d37   0x14  Code  Gb  os_cpu_c.o [1]
OSIntEnter              0x00004065   0x24  Code  Gb  os_core.o [1]
OSIntExit               0x00004089   0xb2  Code  Gb  os_core.o [1]
OSIntNestingCtr         0x2000278b    0x1  Data  Gb  os_var.o [1]
OSMemCreate             0x00002c8d   0x8c  Code  Gb  os_mem.o [1]
OSMemDbgListPtr         0x20002718    0x4  Data  Gb  os_var.o [1]
OSMemGet                0x00002d19   0x4a  Code  Gb  os_mem.o [1]
OSMemPut                0x00002d63   0x4a  Code  Gb  os_mem.o [1]
OSMemQty                0x2000277a    0x2  Data  Gb  os_var.o [1]
OSMsgPool               0x200026ac    0x8  Data  Gb  os_var.o [1]
OSMutexCreate_Mod       0x00005f51   0x78  Code  Gb  os_mutex.o [1]
OSMutexDbgListPtr       0x2000271c    0x4  Data  Gb  os_var.o [1]
OSMutexPend_Mod         0x00005fc9  0x494  Code  Gb  os_mutex.o [1]
OSMutexPost_Mod         0x0000645d  0x1ba  Code  Gb  os_mutex.o [1]
OSMutexQty              0x2000277c    0x2  Data  Gb  os_var.o [1]
OSPrioCur               0x2000278d    0x1  Data  Gb  os_var.o [1]
OSPrioHighRdy           0x2000278e    0x1  Data  Gb  os_var.o [1]
OSPrioTbl               0x200026fc    0x4  Data  Gb  os_prio.o [1]
OSQDbgListPtr           0x20002720    0x4  Data  Gb  os_var.o [1]
OSQQty                  0x2000277e    0x2  Data  Gb  os_var.o [1]
OSRdyList               0x200022a8   0x78  Data  Gb  os_var.o [1]
OSRecTaskCreate         0x00005029  0x1de  Code  Gb  os_task.o [1]
OSRecTaskDelete         0x0000530b  0x15e  Code  Gb  os_task.o [1]
OSRunning               0x2000278c    0x1  Data  Gb  os_var.o [1]
OSSched                 0x0000413b   0x78  Code  Gb  os_core.o [1]
OSSchedLock             0x000041b3   0x68  Code  Gb  os_core.o [1]
OSSchedLockNestingCtr   0x2000278f    0x1  Data  Gb  os_var.o [1]
OSSchedLockTimeBegin    0x20002724    0x4  Data  Gb  os_var.o [1]
OSSchedLockTimeMax      0x20002728    0x4  Data  Gb  os_var.o [1]
OSSchedLockTimeMaxCur   0x2000272c    0x4  Data  Gb  os_var.o [1]
OSSchedUnlock           0x0000421b   0x88  Code  Gb  os_core.o [1]
OSStart                 0x000042a3   0x64  Code  Gb  os_core.o [1]
OSStartHighRdy          0x00006c71         Code  Gb  os_cpu_a.o [1]
OSTCBCurPtr             0x20002754    0x4  Data  Gb  os_var.o [1]
OSTCBHighRdyPtr         0x20002758    0x4  Data  Gb  os_var.o [1]
OSTaskCreate            0x00004f1d  0x10c  Code  Gb  os_task.o [1]
OSTaskCreateHook        0x00004d4b    0x2  Code  Gb  os_cpu_c.o [1]
OSTaskCtxSwCtr          0x20002730    0x4  Data  Gb  os_var.o [1]
OSTaskDbgListPtr        0x20002734    0x4  Data  Gb  os_var.o [1]
OSTaskDel               0x00005207  0x104  Code  Gb  os_task.o [1]
OSTaskDelHook           0x00004d4d    0x2  Code  Gb  os_cpu_c.o [1]
OSTaskQty               0x20002780    0x2  Data  Gb  os_var.o [1]
OSTaskReturnHook        0x00004d4f    0x2  Code  Gb  os_cpu_c.o [1]
OSTaskSemPend           0x00005469  0x144  Code  Gb  os_task.o [1]
OSTaskSemPost           0x000055ad   0x1c  Code  Gb  os_task.o [1]
OSTaskStkInit           0x00004d51   0x80  Code  Gb  os_cpu_c.o [1]
OSTaskSwHook            0x00004dd1   0x3e  Code  Gb  os_cpu_c.o [1]
OSTickCtr               0x20002738    0x4  Data  Gb  os_var.o [1]
OSTickTaskTCB           0x20002088   0x94  Data  Gb  os_var.o [1]
OSTickTaskTimeMax       0x2000273c    0x4  Data  Gb  os_var.o [1]
OSTimeTick              0x00006cfd   0x36  Code  Gb  os_time.o [1]
OSTimeTickHook          0x00004e0f    0x2  Code  Gb  os_cpu_c.o [1]
OSTmrDbgListPtr         0x20002740    0x4  Data  Gb  os_var.o [1]
OSTmrTaskTCB            0x2000211c   0x94  Data  Gb  os_var.o [1]
OSTmrTaskTimeMax        0x20002744    0x4  Data  Gb  os_var.o [1]
OSTmrTickCtr            0x20002748    0x4  Data  Gb  os_var.o [1]
OSTmrUpdateCnt          0x2000274c    0x4  Data  Gb  os_var.o [1]
OSTmrUpdateCtr          0x20002750    0x4  Data  Gb  os_var.o [1]
OS_CPU_ExceptStkBase    0x200026e4    0x4  Data  Gb  os_cpu_c.o [1]
OS_CPU_PendSVHandler    0x00006c8d         Code  Gb  os_cpu_a.o [1]
OS_CPU_SysTickHandler   0x00004e11   0x2c  Code  Gb  os_cpu_c.o [1]
OS_CPU_SysTickInit      0x00004e3d   0x2c  Code  Gb  os_cpu_c.o [1]
OS_Dbg_Init             0x000069a9  0x1e8  Code  Gb  os_dbg.o [1]
OS_IdleTask             0x00004307   0x2c  Code  Gb  os_core.o [1]
OS_IdleTaskInit         0x00004333   0x50  Code  Gb  os_core.o [1]
OS_InsertReadyList      0x00005839  0x216  Code  Gb  os_tick.o [1]
OS_MemDbgListAdd        0x00002dad   0x24  Code  Gb  os_mem.o [1]
OS_MemInit              0x00002dd1   0x12  Code  Gb  os_mem.o [1]
OS_MsgPoolCreate        0x00005e85   0x3c  Code  Gb  os_msg.o [1]
OS_MsgPoolInit          0x00005ec1   0x2c  Code  Gb  os_msg.o [1]
OS_MsgQFreeAll          0x00005eed   0x44  Code  Gb  os_msg.o [1]
OS_MsgQInit             0x00005f31   0x14  Code  Gb  os_msg.o [1]
OS_MutexDbgListAdd      0x00006617   0x28  Code  Gb  os_mutex.o [1]
OS_MutexInit            0x0000663f   0x12  Code  Gb  os_mutex.o [1]
OS_Pend                 0x00004383   0x6c  Code  Gb  os_core.o [1]
OS_PendDataInit         0x000043ef   0x34  Code  Gb  os_core.o [1]
OS_PendDbgNameAdd       0x00004423   0x42  Code  Gb  os_core.o [1]
OS_PendDbgNameRemove    0x00004465   0x1e  Code  Gb  os_core.o [1]
OS_PendListInit         0x00004483    0xe  Code  Gb  os_core.o [1]
OS_PendListInsertPrio   0x00004491   0x6e  Code  Gb  os_core.o [1]
OS_PendListRemove       0x000044ff   0x28  Code  Gb  os_core.o [1]
OS_PendListRemove1      0x00004527   0x48  Code  Gb  os_core.o [1]
OS_Post                 0x0000456f   0xc0  Code  Gb  os_core.o [1]
OS_Post1                0x0000462f   0x26  Code  Gb  os_core.o [1]
OS_PrioGetHighest       0x00004ea9   0x20  Code  Gb  os_prio.o [1]
OS_PrioInit             0x00004e95   0x14  Code  Gb  os_prio.o [1]
OS_PrioInsert           0x00004ec9   0x26  Code  Gb  os_prio.o [1]
OS_PrioRemove           0x00004eef   0x28  Code  Gb  os_prio.o [1]
OS_QInit                0x000066a9   0x12  Code  Gb  os_q.o [1]
OS_RdyListInit          0x00004655   0x24  Code  Gb  os_core.o [1]
OS_RdyListInsert        0x00004681   0x28  Code  Gb  os_core.o [1]
OS_RdyListInsertHead    0x000046a9   0x3a  Code  Gb  os_core.o [1]
OS_RdyListInsertTail    0x000046e3   0x38  Code  Gb  os_core.o [1]
OS_RdyListRemove        0x0000471b   0x5c  Code  Gb  os_core.o [1]
OS_SchedLockTimeMeasStart
                        0x00004777   0x14  Code  Gb  os_core.o [1]
OS_SchedLockTimeMeasStop
                        0x0000478b   0x2e  Code  Gb  os_core.o [1]
OS_TaskBlock            0x00004819   0x3a  Code  Gb  os_core.o [1]
OS_TaskDbgListAdd       0x000055c9   0x2c  Code  Gb  os_task.o [1]
OS_TaskDbgListRemove    0x000055f5   0x4a  Code  Gb  os_task.o [1]
OS_TaskInit             0x0000563f   0x18  Code  Gb  os_task.o [1]
OS_TaskInitTCB          0x0000565d   0xac  Code  Gb  os_task.o [1]
OS_TaskRdy              0x00004853   0x1a  Code  Gb  os_core.o [1]
OS_TaskReturn           0x00005711    0xc  Code  Gb  os_task.o [1]
OS_TaskSemPost          0x00005721   0xd4  Code  Gb  os_task.o [1]
OS_TickListInit         0x00005b07   0x2a  Code  Gb  os_tick.o [1]
OS_TickListInsert       0x00005b31  0x11e  Code  Gb  os_tick.o [1]
OS_TickListRemove       0x00005c4f   0x42  Code  Gb  os_tick.o [1]
OS_TickListUpdate       0x00005c91  0x198  Code  Gb  os_tick.o [1]
OS_TickTask             0x00005a4f   0x44  Code  Gb  os_tick.o [1]
OS_TickTaskInit         0x00005a93   0x74  Code  Gb  os_tick.o [1]
OS_TmrInit              0x000066c5   0xda  Code  Gb  os_tmr.o [1]
OS_TmrLink              0x0000679f   0xd0  Code  Gb  os_tmr.o [1]
OS_TmrTask              0x000068bd   0xaa  Code  Gb  os_tmr.o [1]
OS_TmrUnlink            0x0000686f   0x4c  Code  Gb  os_tmr.o [1]
PWMGenConfigure         0x00004bc9   0x28  Code  Gb  pwm.o [1]
PWMGenEnable            0x00004c05    0xa  Code  Gb  pwm.o [1]
PWMGenPeriodSet         0x00004bf1   0x14  Code  Gb  pwm.o [1]
PWMOutputState          0x00004c35   0x16  Code  Gb  pwm.o [1]
PWMPulseWidthSet        0x00004c0f   0x26  Code  Gb  pwm.o [1]
Region$$Table$$Base     0x00008150          --   Gb  - Linker created -
Region$$Table$$Limit    0x0000817c          --   Gb  - Linker created -
Right_tgt               0x20002787    0x1  Data  Gb  app.o [1]
SH                      0x2000275c    0x4  Data  Gb  splay.o [1]
SysCtlClockGet          0x000033fb  0x200  Code  Gb  sysctl.o [1]
SysCtlClockSet          0x00003299  0x162  Code  Gb  sysctl.o [1]
SysCtlDelay             0x00003291    0x8  Code  Gb  sysctl.o [1]
SysCtlPWMClockSet       0x000035fb   0x10  Code  Gb  sysctl.o [1]
SysCtlPeripheralDeepSleepDisable
                        0x0000326b   0x26  Code  Gb  sysctl.o [1]
SysCtlPeripheralEnable  0x00003245   0x26  Code  Gb  sysctl.o [1]
SysCtlPeripheralReset   0x000031e5   0x60  Code  Gb  sysctl.o [1]
TASK                    0x200024f0   0x3c  Data  Gb  os_task.o [1]
Tree234Storage          0x200025f8   0x28  Data  Gb  tree234.o [1]
Tree234StorageCreate    0x00001fe7   0x30  Code  Gb  tree234.o [1]
Tree234StoragePtr       0x20002660   0x20  Data  Gb  tree234.o [1]
_Close_all              0x0000733d   0x58  Code  Gb  xcloseall.o [3]
_EncodingSb_Mbtowc      0x00001e7f   0x30  Code  Gb  xencoding_sb.o [3]
_EncodingSb_Wctomb      0x00001e65   0x1a  Code  Gb  xencoding_sb.o [3]
_Files                  0x200001bc   0x20  Data  Gb  xfiles.o [3]
_Fofree                 0x00007421   0x78  Code  Gb  xfofind.o [3]
_Fspos                  0x00007b79   0xd6  Code  Gb  xfspos.o [3]
_Fwprep                 0x00007d89   0xb6  Code  Gb  xfwprep.o [3]
_GenldFull              0x00000ff9  0x24a  Code  Lc  xprintffull.o [3]
_IsdstStr               0x2000008c    0x4  Data  Gb  setlocale.o [3]
_LdtobFull              0x00000c71  0x382  Code  Lc  xprintffull.o [3]
_LitobFull              0x00000b13  0x10c  Code  Lc  xprintffull.o [3]
_LocaleEncoding         0x00001e51    0xe  Code  Gb  setlocale.o [3]
_LocaleReturnString     0x200000ac   0x50  Data  Lc  setlocale.o [3]
_Locale_Profile         0x20000090   0x1c  Data  Gb  setlocale.o [3]
_Locale_aeabi_lconv     0x20000050   0x38  Data  Gb  localeconv.o [3]
_Locale_lconv           0x20000000   0x50  Data  Gb  localeconv.o [3]
_Mbtowc                 0x0000128b   0x20  Code  Gb  xmbtowc.o [3]
_Nnl                    0x00007c4f    0xc  Code  Gb  xfgpos.o [3]
_PrintfFull             0x0000011d  0x67c  Code  Gb  xprintffull.o [3]
_Prout                  0x000081ed   0x16  Code  Gb  xprout.o [3]
_PutcharsFull           0x00001243   0x2e  Code  Lc  xprintffull.o [3]
_PutstrFull             0x000007b1  0x35c  Code  Lc  xprintffull.o [3]
_TzoneStr               0x20000088    0x4  Data  Gb  setlocale.o [3]
_Wctomb                 0x00001431   0x1a  Code  Gb  xwctomb.o [3]
__aeabi_assert          0x00002df7   0x4a  Code  Gb  xassert.o [3]
__aeabi_cdcmple         0x00001819         Code  Gb  DblCmpLe.o [4]
__aeabi_cdrcmple        0x00001849         Code  Gb  DblCmpGe.o [4]
__aeabi_d2iz            0x00001985         Code  Gb  DblToI32.o [4]
__aeabi_d2uiz           0x000019b1         Code  Gb  DblToI32.o [4]
__aeabi_ddiv            0x00001b8d         Code  Gb  DblDiv.o [4]
__aeabi_dmul            0x00001635         Code  Gb  DblMul.o [4]
__aeabi_dsub            0x00001a0d         Code  Gb  DblSub.o [4]
__aeabi_errno_addr      0x00007ca9    0x6  Code  Gb  errno.o [3]
__aeabi_i2d             0x000019dd         Code  Gb  I32ToDbl.o [4]
__aeabi_ldiv0           0x00001ef1         Code  Gb  I64DivZer.o [5]
__aeabi_memclr4         0x00006cf5         Code  Gb  ABImemclr4.o [5]
__aeabi_ui2d            0x000019f1         Code  Gb  I32ToDbl.o [4]
__aeabi_uldivmod        0x00001545         Code  Gb  I64DivMod.o [5]
__cexit_closeall        0x0000732f         Code  Gb  cexit.o [5]
__close                 0x0000754d   0x1a  Code  Gb  close.o [6]
__cmain                 0x0000819d         Code  Gb  cmain.o [5]
__cstart_closeall       0x0000839c         Data  Gb  cstart_closeall.o [5]
__data_Aldata           0x200026b4    0x8  Data  Gb  xxmemxmalloc.o [3]
__data_GetMemChunk      0x00001ec5   0x2c  Code  Gb  xgetmemchunk.o [3]
__dwrite                0x0000757d   0x1e  Code  Gb  dwrite.o [6]
__exit                  0x000030bd   0x14  Code  Gb  exit.o [6]
__iar_Dnorm             0x000017d7   0x42  Code  Gb  xdnorm.o [4]
__iar_Dscale            0x00001879  0x10c  Code  Gb  xdscale.o [4]
__iar_EmptyStepPoint    0x00002df5    0x2  Code  Gb  xassert.o [3]
__iar_Errno             0x200001e8    0x4  Data  Gb  errno.o [3]
__iar_Locale_lconv_init
                        0x00001dd5   0x3a  Code  Gb  localeconv.o [3]
__iar_Lockfilelock      0x0000759b    0x2  Code  Gb  xsyslock_nop.o [3]
__iar_Mbcurmax          0x00001375    0xa  Code  Gb  xmbcurmax.o [3]
__iar_Memchr            0x0000131d         Code  Gb  memchr.o [5]
__iar_Memset4_word      0x000072d1         Code  Gb  ABImemset48.o [5]
__iar_Memset8_word      0x000072d1         Code  Gb  ABImemset48.o [5]
__iar_ReportAssert      0x0000300d   0x1c  Code  Gb  ABIassert.o [6]
__iar_Stderr            0x2000017c   0x40  Data  Gb  xfiles.o [3]
__iar_Stdin             0x200000fc   0x40  Data  Gb  xfiles.o [3]
__iar_Stdout            0x2000013c   0x40  Data  Gb  xfiles.o [3]
__iar_Strchr            0x000012cd         Code  Gb  strchr.o [5]
__iar_Unlockfilelock    0x0000759d    0x2  Code  Gb  xsyslock_nop.o [3]
__iar_close_ttio        0x00003179   0x2e  Code  Gb  iarttio.o [6]
__iar_d2uiz             0x000019bd         Code  Gb  DblToI32.o [4]
__iar_dadd              0x00001ef5         Code  Gb  DblAdd.o [4]
__iar_data_init3        0x00008129   0x28  Code  Gb  data_init.o [5]
__iar_dlib_perthread_access
                        0x00001fc9    0x2  Code  Gb  xtls.o [3]
__iar_dsub              0x00001a21         Code  Gb  DblSub.o [4]
__iar_dsubStart         0x00001a33         Code  Gb  DblSub.o [4]
__iar_get_ttio          0x000031a9   0x38  Code  Gb  iarttio.o [6]
__iar_lookup_ttioh      0x00003e45    0x8  Code  Gb  XShttio.o [3]
__iar_packbits_init3    0x00007cd7   0xb2  Code  Gb  packbits_init.o [5]
__iar_program_start     0x000082e5         Code  Gb  cstartup_M.o [5]
__iar_sh_Discard        0x000075a1   0x48  Code  Gb  XShHandles.o [3]
__iar_sh_Move           0x000075e9   0x4c  Code  Gb  XShHandles.o [3]
__iar_sh_Pos            0x00007635   0x44  Code  Gb  XShHandles.o [3]
__iar_sh_stdout         0x00007681   0x20  Code  Gb  iarwstd.o [6]
__iar_sh_write          0x000076a1   0x22  Code  Gb  iarwrite.o [6]
__iar_ttio_handles      0x200001dc    0x8  Data  Lc  XShttio.o [3]
__iar_ui2d              0x000019f5         Code  Gb  I32ToDbl.o [4]
__iar_unaligned___aeabi_memcpy
                        0x0000144d         Code  Gb  ABImemcpy_unaligned.o [5]
__iar_unaligned___aeabi_memcpy4
                        0x0000146d         Code  Gb  ABImemcpy_unaligned.o [5]
__iar_unaligned___aeabi_memcpy8
                        0x0000146d         Code  Gb  ABImemcpy_unaligned.o [5]
__iar_zero_init3        0x000012ab   0x22  Code  Gb  zero_init3.o [5]
__low_level_init        0x000081b7    0x4  Code  Gb  low_level_init.o [3]
__lseek                 0x00007c5b   0x4c  Code  Gb  lseek.o [6]
__vector_table          0x00000000  0x11c  Data  Gb  app_vect.o [1]
__write                 0x0000740f   0x10  Code  Gb  write.o [6]
_call_main              0x000081a9         Code  Gb  cmain.o [5]
_exit                   0x0000732d         Code  Gb  cexit.o [5]
_main                   0x000081b3         Code  Gb  cmain.o [5]
abort                   0x00003029    0x6  Code  Gb  abort.o [3]
add234                  0x000024e1   0x16  Code  Gb  tree234.o [1]
add234_internal         0x00002079  0x468  Code  Lc  tree234.o [1]
am_err                  0x20002774    0x2  Data  Gb  avl.o [1]
base_size               0x00008378    0x4  Data  Lc  tree.o [1]
count234                0x00002065   0x14  Code  Gb  tree234.o [1]
countnode234            0x0000202f   0x36  Code  Lc  tree234.o [1]
current_tcb             0x200026f8    0x4  Data  Gb  os_mutex.o [1]
del234                  0x00002c69   0x24  Code  Gb  tree234.o [1]
delete_n                0x00006e77   0x90  Code  Gb  splay.o [1]
delpos234_internal      0x000026c7  0x57e  Code  Lc  tree234.o [1]
div                     0x00001e41    0xe  Code  Gb  div.o [3]
ebuf                    0x20002450   0x50  Data  Lc  xfiles.o [3]
err                     0x20002784    0x2  Data  Gb  tree234.o [1]
exit                    0x00007329    0x4  Code  Gb  exit.o [3]
fclose                  0x00007395   0x7a  Code  Gb  fclose.o [3]
fflush                  0x00007513   0x34  Code  Gb  fflush.o [3]
fflushOne               0x0000749d   0x76  Code  Lc  fflush.o [3]
findrel234              0x000026b9    0xe  Code  Gb  tree234.o [1]
findrelpos234           0x00002581  0x138  Code  Gb  tree234.o [1]
fputc                   0x00007f25   0x56  Code  Gb  fputc.o [3]
fr_result               0x200026f4    0x4  Data  Gb  os_mutex.o [1]
free                    0x000014c5   0x7a  Code  Gb  xxmemxfree.o [3]
frtemp                  0x20001a34   0xf0  Data  Gb  os_mutex.o [1]
frtempl                 0x200026f0    0x4  Data  Lc  os_mutex.o [1]
fseek                   0x00007e3f   0x22  Code  Gb  fseek.o [3]
g_pucRITInit            0x00007f7c   0x50  Data  Lc  bsp_display.o [1]
g_pucRow1               0x000082f0    0x8  Data  Lc  bsp_display.o [1]
g_pucRow2               0x000082f8    0x8  Data  Lc  bsp_display.o [1]
g_pulDCGCRegs           0x000082cc    0xc  Data  Lc  sysctl.o [1]
g_pulGPIOBaseAddrs      0x00007fcc   0x48  Data  Lc  gpio.o [1]
g_pulRCGCRegs           0x000082c0    0xc  Data  Lc  sysctl.o [1]
g_pulSRCRRegs           0x000082b4    0xc  Data  Lc  sysctl.o [1]
g_pulXtals              0x00007ec8   0x5c  Data  Lc  sysctl.o [1]
g_ulDelay               0x200026c8    0x4  Data  Lc  bsp_display.o [1]
getBalance              0x00006ff1   0x1e  Code  Gb  avl.o [1]
h                       0x20002680   0x1c  Data  Gb  os_task.o [1]
hcnt                    0x20002710    0x4  Data  Lc  os_tick.o [1]
heap_init               0x00004c4d   0x22  Code  Gb  tree.o [1]
heap_pop                0x00004cb5   0x7a  Code  Gb  tree.o [1]
heap_push               0x00004c6f   0x46  Code  Gb  tree.o [1]
height                  0x00006f39    0xc  Code  Gb  avl.o [1]
index234                0x000024f7   0x8a  Code  Gb  tree234.o [1]
insert                  0x00006dd9   0x9e  Code  Gb  splay.o [1]
j11                     0x20002708    0x4  Data  Lc  os_task.o [1]
j12                     0x2000270c    0x4  Data  Lc  os_tick.o [1]
localeconv              0x00001e0f   0x16  Code  Gb  localeconv.o [3]
m_err                   0x20002782    0x2  Data  Gb  splay.o [1]
main                    0x000076c5   0x8e  Code  Gb  app.o [1]
malloc                  0x00001381   0xac  Code  Gb  xxmemxmalloc.o [3]
max                     0x00006f45    0x8  Code  Gb  avl.o [1]
md                      0x20001d04   0xa0  Data  Gb  os_mutex.o [1]
mdl                     0x200026e8    0x4  Data  Lc  os_mutex.o [1]
memchr                  0x0000131d         Code  Gb  memchr.o [5]
minValueNode            0x000070f9    0xc  Code  Gb  avl.o [1]
min_tcb                 0x20002764    0x4  Data  Gb  splay.o [1]
min_tcb_tree234         0x20002768    0x4  Data  Gb  tree234.o [1]
mycmp                   0x00001fcd   0x1a  Code  Gb  tree234.o [1]
newtree234              0x00002017   0x18  Code  Gb  tree234.o [1]
obuf                    0x200024a0   0x50  Data  Lc  xfiles.o [3]
period_of_task_in_rdylist
                        0x200001e4    0x4  Data  Gb  splay.o [1]
printf                  0x00007305   0x24  Code  Gb  printf.o [3]
putchar                 0x00008205    0xc  Code  Gb  putchar.o [3]
remove                  0x00007567   0x16  Code  Gb  remove.o [6]
sFileInfo               0x200021b0   0x80  Data  Lc  XShHandles.o [3]
scale                   0x00000c25   0x46  Code  Lc  xprintffull.o [3]
set_min_ptr             0x00006f07   0x1c  Code  Gb  splay.o [1]
set_min_sys_ceil        0x000072a5   0x1e  Code  Gb  avl.o [1]
size                    0x20002760    0x4  Data  Gb  splay.o [1]
splay                   0x00006d45   0x94  Code  Gb  splay.o [1]
strchr                  0x000012cd         Code  Gb  strchr.o [5]
strlen                  0x000012e5         Code  Gb  strlen.o [5]
system_ceiling          0x200026c0    0x4  Data  Gb  avl.o [1]
temp_i                  0x20001b24   0xf0  Data  Gb  os_tick.o [1]
temp_ins                0x2000252c   0x3c  Data  Gb  os_task.o [1]
tree234_blocked         0x2000276c    0x4  Data  Gb  tree234.o [1]
ts_end_cal              0x20002704    0x4  Data  Gb  os_task.o [1]
ts_start_cal            0x20002700    0x4  Data  Gb  os_task.o [1]
ttemp                   0x20001944   0xf0  Data  Gb  os_mutex.o [1]
ttempl                  0x200026ec    0x4  Data  Lc  os_mutex.o [1]


[1] = C:\Users\saurabh\Desktop\Phase1_code&&report\phase2\naruto shippuden\EvalBoards\TI\LM3S9B92-EVALBOT\IAR\uCOS-III-CE4053_PG\Flash\Obj
[2] = command line
[3] = dl7M_tlf.a
[4] = m7M_tl.a
[5] = rt7M_tl.a
[6] = shb_l.a

  32 240 bytes of readonly  code memory
   1 590 bytes of readonly  data memory
  11 152 bytes of readwrite data memory

Errors: none
Warnings: none
